Archive member included because of file (symbol)

C:/AWorkspace/ReWheel/Release/arduino.ar(variant.cpp.o)
                              ./ReWheel.cpp.o (Serial)
C:/AWorkspace/ReWheel/Release/arduino.ar(Print.cpp.o)
                              ./ReWheel.cpp.o (Print::println(long, int))
C:/AWorkspace/ReWheel/Release/arduino.ar(RingBuffer.cpp.o)
                              C:/AWorkspace/ReWheel/Release/arduino.ar(variant.cpp.o) (RingBuffer::RingBuffer())
C:/AWorkspace/ReWheel/Release/arduino.ar(UARTClass.cpp.o)
                              C:/AWorkspace/ReWheel/Release/arduino.ar(variant.cpp.o) (UARTClass::UARTClass(Uart*, IRQn, unsigned long, RingBuffer*))
C:/AWorkspace/ReWheel/Release/arduino.ar(USARTClass.cpp.o)
                              C:/AWorkspace/ReWheel/Release/arduino.ar(variant.cpp.o) (USARTClass::USARTClass(Usart*, IRQn, unsigned long, RingBuffer*))
C:/AWorkspace/ReWheel/Release/arduino.ar(WInterrupts.c.o)
                              ./ReWheel.cpp.o (attachInterrupt)
C:/AWorkspace/ReWheel/Release/arduino.ar(WString.cpp.o)
                              C:/AWorkspace/ReWheel/Release/arduino.ar(Print.cpp.o) (String::operator[](unsigned int) const)
C:/AWorkspace/ReWheel/Release/arduino.ar(cxxabi-compat.cpp.o)
                              C:/AWorkspace/ReWheel/Release/arduino.ar(Print.cpp.o) (__cxa_pure_virtual)
C:/AWorkspace/ReWheel/Release/arduino.ar(itoa.c.o)
                              C:/AWorkspace/ReWheel/Release/arduino.ar(WString.cpp.o) (ltoa)
C:/AWorkspace/ReWheel/Release/arduino.ar(wiring.c.o)
                              ./ReWheel.cpp.o (millis)
C:/AWorkspace/ReWheel/Release/arduino.ar(wiring_analog.c.o)
                              C:/AWorkspace/ReWheel/Release/arduino.ar(variant.cpp.o) (analogOutputInit)
C:/AWorkspace/ReWheel/Release/arduino.ar(wiring_digital.c.o)
                              ./ReWheel.cpp.o (digitalWrite)
C:/AWorkspace/ReWheel/Release/arduino.ar(hooks.c.o)
                              C:/AWorkspace/ReWheel/Release/arduino.ar(wiring.c.o) (yield)
C:/arduino-1.5.2/hardware/arduino/sam/variants/arduino_due_x/libsam_sam3x8e_gcc_rel.a(pio.o)
                              C:/AWorkspace/ReWheel/Release/arduino.ar(wiring_digital.c.o) (PIO_PullUp)
C:/arduino-1.5.2/hardware/arduino/sam/variants/arduino_due_x/libsam_sam3x8e_gcc_rel.a(pmc.o)
                              C:/AWorkspace/ReWheel/Release/arduino.ar(variant.cpp.o) (pmc_enable_periph_clk)
C:/arduino-1.5.2/hardware/arduino/sam/variants/arduino_due_x/libsam_sam3x8e_gcc_rel.a(pwmc.o)
                              C:/AWorkspace/ReWheel/Release/arduino.ar(wiring_analog.c.o) (PWMC_ConfigureChannel)
C:/arduino-1.5.2/hardware/arduino/sam/variants/arduino_due_x/libsam_sam3x8e_gcc_rel.a(tc.o)
                              C:/AWorkspace/ReWheel/Release/arduino.ar(wiring_analog.c.o) (TC_Configure)
C:/arduino-1.5.2/hardware/arduino/sam/variants/arduino_due_x/libsam_sam3x8e_gcc_rel.a(timetick.o)
                              C:/AWorkspace/ReWheel/Release/arduino.ar(wiring.c.o) (GetTickCount)
C:/arduino-1.5.2/hardware/arduino/sam/variants/arduino_due_x/libsam_sam3x8e_gcc_rel.a(wdt.o)
                              C:/AWorkspace/ReWheel/Release/arduino.ar(variant.cpp.o) (WDT_Disable)
C:/arduino-1.5.2/hardware/arduino/sam/variants/arduino_due_x/libsam_sam3x8e_gcc_rel.a(system_sam3xa.o)
                              C:/AWorkspace/ReWheel/Release/arduino.ar(variant.cpp.o) (SystemInit)
C:/arduino-1.5.2/hardware/arduino/sam/variants/arduino_due_x/libsam_sam3x8e_gcc_rel.a(startup_sam3xa.o)
                              (Reset_Handler)
C:/arduino-1.5.2/hardware/arduino/sam/variants/arduino_due_x/libsam_sam3x8e_gcc_rel.a(adc.o)
                              C:/AWorkspace/ReWheel/Release/arduino.ar(variant.cpp.o) (adc_init)
C:/arduino-1.5.2/hardware/arduino/sam/variants/arduino_due_x/libsam_sam3x8e_gcc_rel.a(uotghs.o)
                              C:/arduino-1.5.2/hardware/arduino/sam/variants/arduino_due_x/libsam_sam3x8e_gcc_rel.a(startup_sam3xa.o) (UOTGHS_Handler)
C:/arduino-1.5.2/hardware/arduino/sam/variants/arduino_due_x/libsam_sam3x8e_gcc_rel.a(dacc.o)
                              C:/AWorkspace/ReWheel/Release/arduino.ar(wiring_analog.c.o) (dacc_reset)
C:/AWorkspace/ReWheel/Release/arduino.ar(cortex_handlers.c.o)
                              C:/arduino-1.5.2/hardware/arduino/sam/variants/arduino_due_x/libsam_sam3x8e_gcc_rel.a(startup_sam3xa.o) (SysTick_Handler)
C:/AWorkspace/ReWheel/Release/arduino.ar(main.cpp.o)
                              C:/arduino-1.5.2/hardware/arduino/sam/variants/arduino_due_x/libsam_sam3x8e_gcc_rel.a(startup_sam3xa.o) (main)
C:/AWorkspace/ReWheel/Release/arduino.ar(USBCore.cpp.o)
                              C:/AWorkspace/ReWheel/Release/arduino.ar(main.cpp.o) (USBDevice_::attach())
C:/AWorkspace/ReWheel/Release/arduino.ar(Reset.cpp.o)
                              C:/AWorkspace/ReWheel/Release/arduino.ar(cortex_handlers.c.o) (tickReset)
C:/AWorkspace/ReWheel/Release/arduino.ar(CDC.cpp.o)
[...]
Memory Configuration

Name             Origin             Length             Attributes
rom              0x00080000         0x00080000         xr
sram0            0x20000000         0x00010000         xrw
sram1            0x20080000         0x00008000         xrw
ram              0x20070000         0x00018000         xrw
*default*        0x00000000         0xffffffff

Linker script and memory map

LOAD c:/arduino-1.5.2/hardware/tools/g++_arm_none_eabi/bin/../lib/gcc/arm-none-eabi/4.4.1/thumb2/crti.o
LOAD c:/arduino-1.5.2/hardware/tools/g++_arm_none_eabi/bin/../lib/gcc/arm-none-eabi/4.4.1/thumb2/crtbegin.o
LOAD c:/arduino-1.5.2/hardware/tools/g++_arm_none_eabi/bin/../lib/gcc/arm-none-eabi/4.4.1/thumb2\libgcc.a
START GROUP
LOAD C:/AWorkspace/ReWheel/Release/arduino/syscalls_sam3.c.o
LOAD ./ReWheel.cpp.o
LOAD C:/AWorkspace/ReWheel/Release/arduino.ar
LOAD C:/arduino-1.5.2/hardware/arduino/sam/variants/arduino_due_x/libsam_sam3x8e_gcc_rel.a
LOAD C:/AWorkspace/ReWheel/Release/arduino.ar
END GROUP
LOAD c:/arduino-1.5.2/hardware/tools/g++_arm_none_eabi/bin/../lib/gcc/arm-none-eabi/4.4.1/../../../../arm-none-eabi/lib/thumb2\libstdc++.a
LOAD c:/arduino-1.5.2/hardware/tools/g++_arm_none_eabi/bin/../lib/gcc/arm-none-eabi/4.4.1/../../../../arm-none-eabi/lib/thumb2\libm.a
START GROUP
LOAD c:/arduino-1.5.2/hardware/tools/g++_arm_none_eabi/bin/../lib/gcc/arm-none-eabi/4.4.1/thumb2\libgcc.a
LOAD c:/arduino-1.5.2/hardware/tools/g++_arm_none_eabi/bin/../lib/gcc/arm-none-eabi/4.4.1/../../../../arm-none-eabi/lib/thumb2\libc.a
END GROUP
LOAD c:/arduino-1.5.2/hardware/tools/g++_arm_none_eabi/bin/../lib/gcc/arm-none-eabi/4.4.1/thumb2/crtend.o
LOAD c:/arduino-1.5.2/hardware/tools/g++_arm_none_eabi/bin/../lib/gcc/arm-none-eabi/4.4.1/thumb2/crtn.o

.text           0x00080000     0x2d14
                0x00080000                . = ALIGN (0x4)
                0x00080000                _sfixed = .
 *(.vectors .vectors.*)
 .vectors       0x00080000       0xf4 C:/arduino-1.5.2/hardware/arduino/sam/variants/arduino_due_x/libsam_sam3x8e_gcc_rel.a(startup_sam3xa.o)
                0x00080000                exception_table
 *(.text .text.* .gnu.linkonce.t.*)
 .text          0x000800f4       0x30 c:/arduino-1.5.2/hardware/tools/g++_arm_none_eabi/bin/../lib/gcc/arm-none-eabi/4.4.1/thumb2/crtbegin.o
 .text.loop     0x00080124       0xbc ./ReWheel.cpp.o
                0x00080124                loop
 .text._Z8BChangedv
                0x000801e0       0xc0 ./ReWheel.cpp.o
                0x000801e0                BChanged()
 .text._Z8AChangedv
                0x000802a0       0xbc ./ReWheel.cpp.o
                0x000802a0                AChanged()
 .text.setup    0x0008035c       0xc0 ./ReWheel.cpp.o
                0x0008035c                setup
 .text.init     0x0008041c      0x11c C:/AWorkspace/ReWheel/Release/arduino.ar(variant.cpp.o)
                0x0008041c                init
 .text.USART3_Handler
                0x00080538        0xc C:/AWorkspace/ReWheel/Release/arduino.ar(variant.cpp.o)
                0x00080538                USART3_Handler
 .text.USART1_Handler
                0x00080544        0xc C:/AWorkspace/ReWheel/Release/arduino.ar(variant.cpp.o)
                0x00080544                USART1_Handler
 .text.USART0_Handler
                0x00080550        0xc C:/AWorkspace/ReWheel/Release/arduino.ar(variant.cpp.o)
                0x00080550                USART0_Handler
 .text.UART_Handler
                0x0008055c        0xc C:/AWorkspace/ReWheel/Release/arduino.ar(variant.cpp.o)
                0x0008055c                UART_Handler
 .text._GLOBAL__I_g_APinDescription
                0x00080568       0x8c C:/AWorkspace/ReWheel/Release/arduino.ar(variant.cpp.o)
 .text._ZN5Print5writeEPKhj
                0x000805f4       0x2e C:/AWorkspace/ReWheel/Release/arduino.ar(Print.cpp.o)
                0x000805f4                Print::write(unsigned char const*, unsigned int)
 .text._ZN5Print5printEc
                0x00080622        0xa C:/AWorkspace/ReWheel/Release/arduino.ar(Print.cpp.o)
                0x00080622                Print::print(char)
 .text._ZN5Print7printlnEv
                0x0008062c       0x18 C:/AWorkspace/ReWheel/Release/arduino.ar(Print.cpp.o)
                0x0008062c                Print::println()
 .text._ZN5Print5writeEPKc
                0x00080644       0x20 C:/AWorkspace/ReWheel/Release/arduino.ar(Print.cpp.o)
                0x00080644                Print::write(char const*)
 .text._ZN5Print11printNumberEmh
                0x00080664       0x3e C:/AWorkspace/ReWheel/Release/arduino.ar(Print.cpp.o)
                0x00080664                Print::printNumber(unsigned long, unsigned char)
 .text._ZN5Print5printEli
                0x000806a2       0x42 C:/AWorkspace/ReWheel/Release/arduino.ar(Print.cpp.o)
                0x000806a2                Print::print(long, int)
 .text._ZN5Print7printlnEli
                0x000806e4       0x14 C:/AWorkspace/ReWheel/Release/arduino.ar(Print.cpp.o)
                0x000806e4                Print::println(long, int)
 .text._ZN5Print5printEPKc
                0x000806f8        0x4 C:/AWorkspace/ReWheel/Release/arduino.ar(Print.cpp.o)
                0x000806f8                Print::print(char const*)
 .text._ZN5Print7printlnEPKc
                0x000806fc       0x14 C:/AWorkspace/ReWheel/Release/arduino.ar(Print.cpp.o)
                0x000806fc                Print::println(char const*)
 .text._ZN10RingBuffer10store_charEh
                0x00080710       0x16 C:/AWorkspace/ReWheel/Release/arduino.ar(RingBuffer.cpp.o)
                0x00080710                RingBuffer::store_char(unsigned char)
 .text._ZN10RingBufferC1Ev
                0x00080726       0x16 C:/AWorkspace/ReWheel/Release/arduino.ar(RingBuffer.cpp.o)
                0x00080726                RingBuffer::RingBuffer()
 .text._ZN9UARTClasscvbEv
                0x0008073c        0x4 C:/AWorkspace/ReWheel/Release/arduino.ar(UARTClass.cpp.o)
                0x0008073c                UARTClass::operator bool()
 .text._ZN9UARTClassC1EP4Uart4IRQnmP10RingBuffer
                0x00080740       0x24 C:/AWorkspace/ReWheel/Release/arduino.ar(UARTClass.cpp.o)
                0x00080740                UARTClass::UARTClass(Uart*, IRQn, unsigned long, RingBuffer*)
 .text._ZN9UARTClass9availableEv
                0x00080764        0xe C:/AWorkspace/ReWheel/Release/arduino.ar(UARTClass.cpp.o)
                0x00080764                UARTClass::available()
 .text._ZN9UARTClass4peekEv
                0x00080772       0x12 C:/AWorkspace/ReWheel/Release/arduino.ar(UARTClass.cpp.o)
                0x00080772                UARTClass::peek()
 .text._ZN9UARTClass4readEv
                0x00080784       0x1c C:/AWorkspace/ReWheel/Release/arduino.ar(UARTClass.cpp.o)
                0x00080784                UARTClass::read()
 .text._ZN9UARTClass5flushEv
                0x000807a0        0xc C:/AWorkspace/ReWheel/Release/arduino.ar(UARTClass.cpp.o)
                0x000807a0                UARTClass::flush()
 .text._ZN9UARTClass5writeEh
                0x000807ac       0x10 C:/AWorkspace/ReWheel/Release/arduino.ar(UARTClass.cpp.o)
                0x000807ac                UARTClass::write(unsigned char)
 .text._ZN9UARTClass10IrqHandlerEv
                0x000807bc       0x2a C:/AWorkspace/ReWheel/Release/arduino.ar(UARTClass.cpp.o)
                0x000807bc                UARTClass::IrqHandler()
 *fill*         0x000807e6        0x2 00
 .text._ZN9UARTClass5beginEm
                0x000807e8       0x5c C:/AWorkspace/ReWheel/Release/arduino.ar(UARTClass.cpp.o)
                0x000807e8                UARTClass::begin(unsigned long)
 .text._ZN10USARTClasscvbEv
                0x00080844        0x4 C:/AWorkspace/ReWheel/Release/arduino.ar(USARTClass.cpp.o)
                0x00080844                USARTClass::operator bool()
 .text._ZN10USARTClassC1EP5Usart4IRQnmP10RingBuffer
                0x00080848       0x24 C:/AWorkspace/ReWheel/Release/arduino.ar(USARTClass.cpp.o)
                0x00080848                USARTClass::USARTClass(Usart*, IRQn, unsigned long, RingBuffer*)
 .text._ZN10USARTClass9availableEv
                0x0008086c        0xe C:/AWorkspace/ReWheel/Release/arduino.ar(USARTClass.cpp.o)
                0x0008086c                USARTClass::available()
 .text._ZN10USARTClass4peekEv
                0x0008087a       0x12 C:/AWorkspace/ReWheel/Release/arduino.ar(USARTClass.cpp.o)
                0x0008087a                USARTClass::peek()
 .text._ZN10USARTClass4readEv
                0x0008088c       0x1c C:/AWorkspace/ReWheel/Release/arduino.ar(USARTClass.cpp.o)
                0x0008088c                USARTClass::read()
 .text._ZN10USARTClass5flushEv
                0x000808a8        0xc C:/AWorkspace/ReWheel/Release/arduino.ar(USARTClass.cpp.o)
                0x000808a8                USARTClass::flush()
 .text._ZN10USARTClass5writeEh
                0x000808b4       0x10 C:/AWorkspace/ReWheel/Release/arduino.ar(USARTClass.cpp.o)
                0x000808b4                USARTClass::write(unsigned char)
 .text._ZN10USARTClass10IrqHandlerEv
                0x000808c4       0x2a C:/AWorkspace/ReWheel/Release/arduino.ar(USARTClass.cpp.o)
                0x000808c4                USARTClass::IrqHandler()
 *fill*         0x000808ee        0x2 00
 .text.PIOA_Handler
                0x000808f0       0x2c C:/AWorkspace/ReWheel/Release/arduino.ar(WInterrupts.c.o)
                0x000808f0                PIOA_Handler
 .text.PIOB_Handler
                0x0008091c       0x2c C:/AWorkspace/ReWheel/Release/arduino.ar(WInterrupts.c.o)
                0x0008091c                PIOB_Handler
 .text.PIOC_Handler
                0x00080948       0x2c C:/AWorkspace/ReWheel/Release/arduino.ar(WInterrupts.c.o)
                0x00080948                PIOC_Handler
 .text.PIOD_Handler
                0x00080974       0x2c C:/AWorkspace/ReWheel/Release/arduino.ar(WInterrupts.c.o)
                0x00080974                PIOD_Handler
 .text.attachInterrupt
                0x000809a0      0x154 C:/AWorkspace/ReWheel/Release/arduino.ar(WInterrupts.c.o)
                0x000809a0                attachInterrupt
 .text.millis   0x00080af4        0x4 C:/AWorkspace/ReWheel/Release/arduino.ar(wiring.c.o)
                0x00080af4                millis
 .text.delay    0x00080af8       0x1a C:/AWorkspace/ReWheel/Release/arduino.ar(wiring.c.o)
                0x00080af8                delay
 *fill*         0x00080b12        0x2 00
 .text.analogOutputInit
                0x00080b14       0x14 C:/AWorkspace/ReWheel/Release/arduino.ar(wiring_analog.c.o)
                0x00080b14                analogOutputInit
 .text.digitalWrite
                0x00080b28       0x48 C:/AWorkspace/ReWheel/Release/arduino.ar(wiring_digital.c.o)
                0x00080b28                digitalWrite
 .text.pinMode  0x00080b70       0x68 C:/AWorkspace/ReWheel/Release/arduino.ar(wiring_digital.c.o)
                0x00080b70                pinMode
 .text.__empty  0x00080bd8        0x2 C:/AWorkspace/ReWheel/Release/arduino.ar(hooks.c.o)
                0x00080bd8                yield
 .text.__false  0x00080bda        0x4 C:/AWorkspace/ReWheel/Release/arduino.ar(hooks.c.o)
                0x00080bda                sysTickHook
 .text.__halt   0x00080bde        0x2 C:/AWorkspace/ReWheel/Release/arduino.ar(hooks.c.o)
                0x00080bde                svcHook
                0x00080bde                pendSVHook
 .text.PIO_DisableInterrupt
                0x00080be0        0x4 C:/arduino-1.5.2/hardware/arduino/sam/variants/arduino_due_x/libsam_sam3x8e_gcc_rel.a(pio.o)
                0x00080be0                PIO_DisableInterrupt
 .text.PIO_PullUp
                0x00080be4        0xa C:/arduino-1.5.2/hardware/arduino/sam/variants/arduino_due_x/libsam_sam3x8e_gcc_rel.a(pio.o)
                0x00080be4                PIO_PullUp
 .text.PIO_SetPeripheral
                0x00080bee       0x2a C:/arduino-1.5.2/hardware/arduino/sam/variants/arduino_due_x/libsam_sam3x8e_gcc_rel.a(pio.o)
                0x00080bee                PIO_SetPeripheral
 .text.PIO_SetInput
                0x00080c18       0x40 C:/arduino-1.5.2/hardware/arduino/sam/variants/arduino_due_x/libsam_sam3x8e_gcc_rel.a(pio.o)
                0x00080c18                PIO_SetInput
 .text.PIO_SetOutput
                0x00080c58       0x38 C:/arduino-1.5.2/hardware/arduino/sam/variants/arduino_due_x/libsam_sam3x8e_gcc_rel.a(pio.o)
                0x00080c58                PIO_SetOutput
 .text.PIO_Configure
                0x00080c90       0x74 C:/arduino-1.5.2/hardware/arduino/sam/variants/arduino_due_x/libsam_sam3x8e_gcc_rel.a(pio.o)
                0x00080c90                PIO_Configure
 .text.PIO_GetOutputDataStatus
                0x00080d04       0x16 C:/arduino-1.5.2/hardware/arduino/sam/variants/arduino_due_x/libsam_sam3x8e_gcc_rel.a(pio.o)
                0x00080d04                PIO_GetOutputDataStatus
 *fill*         0x00080d1a        0x2 00
 .text.pmc_enable_upll_clock
                0x00080d1c       0x18 C:/arduino-1.5.2/hardware/arduino/sam/variants/arduino_due_x/libsam_sam3x8e_gcc_rel.a(pmc.o)
                0x00080d1c                pmc_enable_upll_clock
 .text.pmc_enable_periph_clk
                0x00080d34       0x48 C:/arduino-1.5.2/hardware/arduino/sam/variants/arduino_due_x/libsam_sam3x8e_gcc_rel.a(pmc.o)
                0x00080d34                pmc_enable_periph_clk
 .text.pmc_disable_periph_clk
                0x00080d7c       0x48 C:/arduino-1.5.2/hardware/arduino/sam/variants/arduino_due_x/libsam_sam3x8e_gcc_rel.a(pmc.o)
                0x00080d7c                pmc_disable_periph_clk
 .text.pmc_switch_udpck_to_upllck
                0x00080dc4       0x14 C:/arduino-1.5.2/hardware/arduino/sam/variants/arduino_due_x/libsam_sam3x8e_gcc_rel.a(pmc.o)
                0x00080dc4                pmc_switch_udpck_to_upllck
 .text.pmc_enable_udpck
                0x00080dd8        0xc C:/arduino-1.5.2/hardware/arduino/sam/variants/arduino_due_x/libsam_sam3x8e_gcc_rel.a(pmc.o)
                0x00080dd8                pmc_enable_udpck
 .text.TimeTick_Increment
                0x00080de4       0x10 C:/arduino-1.5.2/hardware/arduino/sam/variants/arduino_due_x/libsam_sam3x8e_gcc_rel.a(timetick.o)
                0x00080de4                TimeTick_Increment
 .text.GetTickCount
                0x00080df4        0xc C:/arduino-1.5.2/hardware/arduino/sam/variants/arduino_due_x/libsam_sam3x8e_gcc_rel.a(timetick.o)
                0x00080df4                GetTickCount
 .text.WDT_Disable
                0x00080e00        0x8 C:/arduino-1.5.2/hardware/arduino/sam/variants/arduino_due_x/libsam_sam3x8e_gcc_rel.a(wdt.o)
                0x00080e00                WDT_Disable
 .text.SystemInit
                0x00080e08       0x9c C:/arduino-1.5.2/hardware/arduino/sam/variants/arduino_due_x/libsam_sam3x8e_gcc_rel.a(system_sam3xa.o)
                0x00080e08                SystemInit
 .text.Reset_Handler
                0x00080ea4       0x70 C:/arduino-1.5.2/hardware/arduino/sam/variants/arduino_due_x/libsam_sam3x8e_gcc_rel.a(startup_sam3xa.o)
                0x00080ea4                Reset_Handler
 .text.adc_init
                0x00080f14       0x3a C:/arduino-1.5.2/hardware/arduino/sam/variants/arduino_due_x/libsam_sam3x8e_gcc_rel.a(adc.o)
                0x00080f14                adc_init
 .text.adc_configure_trigger
                0x00080f4e       0x10 C:/arduino-1.5.2/hardware/arduino/sam/variants/arduino_due_x/libsam_sam3x8e_gcc_rel.a(adc.o)
                0x00080f4e                adc_configure_trigger
 .text.adc_configure_timing
                0x00080f5e       0x1a C:/arduino-1.5.2/hardware/arduino/sam/variants/arduino_due_x/libsam_sam3x8e_gcc_rel.a(adc.o)
                0x00080f5e                adc_configure_timing
 .text.adc_disable_all_channel
                0x00080f78        0x8 C:/arduino-1.5.2/hardware/arduino/sam/variants/arduino_due_x/libsam_sam3x8e_gcc_rel.a(adc.o)
                0x00080f78                adc_disable_all_channel
 .text.adc_disable_interrupt
                0x00080f80        0x4 C:/arduino-1.5.2/hardware/arduino/sam/variants/arduino_due_x/libsam_sam3x8e_gcc_rel.a(adc.o)
                0x00080f80                adc_disable_interrupt
 .text.UOTGHS_Handler
                0x00080f84       0x10 C:/arduino-1.5.2/hardware/arduino/sam/variants/arduino_due_x/libsam_sam3x8e_gcc_rel.a(uotghs.o)
                0x00080f84                UOTGHS_Handler
 .text.__halt   0x00080f94        0x2 C:/AWorkspace/ReWheel/Release/arduino.ar(cortex_handlers.c.o)
                0x00080f94                DACC_Handler
                0x00080f94                DebugMon_Handler
                0x00080f94                DMAC_Handler
                0x00080f94                TRNG_Handler
                0x00080f94                HardFault_Handler
                0x00080f94                TC2_Handler
                0x00080f94                TWI1_Handler
                0x00080f94                NMI_Handler
                0x00080f94                TC7_Handler
                0x00080f94                ADC_Handler
                0x00080f94                SMC_Handler
                0x00080f94                RTT_Handler
                0x00080f94                EFC1_Handler
                0x00080f94                RTC_Handler
                0x00080f94                UsageFault_Handler
                0x00080f94                TC6_Handler
                0x00080f94                WDT_Handler
                0x00080f94                CAN0_Handler
                0x00080f94                TC4_Handler
                0x00080f94                TC1_Handler
                0x00080f94                HSMCI_Handler
                0x00080f94                TC3_Handler
                0x00080f94                TWI0_Handler
                0x00080f94                SSC_Handler
                0x00080f94                EFC0_Handler
                0x00080f94                PMC_Handler
                0x00080f94                PWM_Handler
                0x00080f94                CAN1_Handler
                0x00080f94                MemManage_Handler
                0x00080f94                SUPC_Handler
                0x00080f94                TC8_Handler
                0x00080f94                USART2_Handler
                0x00080f94                EMAC_Handler
                0x00080f94                BusFault_Handler
                0x00080f94                RSTC_Handler
                0x00080f94                TC0_Handler
                0x00080f94                TC5_Handler
                0x00080f94                SPI0_Handler
 .text.SysTick_Handler
                0x00080f96       0x16 C:/AWorkspace/ReWheel/Release/arduino.ar(cortex_handlers.c.o)
                0x00080f96                SysTick_Handler
 .text.PendSV_Handler
                0x00080fac        0x4 C:/AWorkspace/ReWheel/Release/arduino.ar(cortex_handlers.c.o)
                0x00080fac                PendSV_Handler
 .text.SVC_Handler
                0x00080fb0        0x4 C:/AWorkspace/ReWheel/Release/arduino.ar(cortex_handlers.c.o)
                0x00080fb0                SVC_Handler
 .text.main     0x00080fb4       0x30 C:/AWorkspace/ReWheel/Release/arduino.ar(main.cpp.o)
                0x00080fb4                main
 .text._Z16USBD_InitControli
                0x00080fe4       0x14 C:/AWorkspace/ReWheel/Release/arduino.ar(USBCore.cpp.o)
                0x00080fe4                USBD_InitControl(int)
 .text._ZL11USB_SendZlpv
                0x00080ff8       0x24 C:/AWorkspace/ReWheel/Release/arduino.ar(USBCore.cpp.o)
 .text._ZN10USBDevice_6attachEv
                0x0008101c       0x20 C:/AWorkspace/ReWheel/Release/arduino.ar(USBCore.cpp.o)
                0x0008101c                USBDevice_::attach()
 .text._ZN10USBDevice_C1Ev
                0x0008103c       0x24 C:/AWorkspace/ReWheel/Release/arduino.ar(USBCore.cpp.o)
                0x0008103c                USBDevice_::USBDevice_()
 .text._Z14USBD_Availablem
                0x00081060       0x2c C:/AWorkspace/ReWheel/Release/arduino.ar(USBCore.cpp.o)
                0x00081060                USBD_Available(unsigned long)
 .text._Z10USBD_Flushm
                0x0008108c       0x16 C:/AWorkspace/ReWheel/Release/arduino.ar(USBCore.cpp.o)
                0x0008108c                USBD_Flush(unsigned long)
 .text._Z24USBD_SendOtherInterfacesv
                0x000810a2       0x1c C:/AWorkspace/ReWheel/Release/arduino.ar(USBCore.cpp.o)
                0x000810a2                USBD_SendOtherInterfaces()
 .text._Z19USBD_SendInterfacesv
                0x000810be       0x1c C:/AWorkspace/ReWheel/Release/arduino.ar(USBCore.cpp.o)
                0x000810be                USBD_SendInterfaces()
 .text._Z26USBD_ClassInterfaceRequestR5Setup
                0x000810da       0x14 C:/AWorkspace/ReWheel/Release/arduino.ar(USBCore.cpp.o)
                0x000810da                USBD_ClassInterfaceRequest(Setup&)
 .text._Z16USBD_RecvControlPvm
                0x000810ee       0x1c C:/AWorkspace/ReWheel/Release/arduino.ar(USBCore.cpp.o)
                0x000810ee                USBD_RecvControl(void*, unsigned long)
 *fill*         0x0008110a        0x2 00
 .text._Z16USBD_SendControlhPKvm
                0x0008110c       0x40 C:/AWorkspace/ReWheel/Release/arduino.ar(USBCore.cpp.o)
                0x0008110c                USBD_SendControl(unsigned char, void const*, unsigned long)
 .text._ZL7USB_ISRv
                0x0008114c      0x430 C:/AWorkspace/ReWheel/Release/arduino.ar(USBCore.cpp.o)
 .text._Z9USBD_SendmPKvm
                0x0008157c       0x4c C:/AWorkspace/ReWheel/Release/arduino.ar(USBCore.cpp.o)
                0x0008157c                USBD_Send(unsigned long, void const*, unsigned long)
 .text._Z9USBD_RecvmPvm
                0x000815c8       0x7c C:/AWorkspace/ReWheel/Release/arduino.ar(USBCore.cpp.o)
                0x000815c8                USBD_Recv(unsigned long, void*, unsigned long)
 .text._Z9USBD_Recvm
                0x00081644       0x1e C:/AWorkspace/ReWheel/Release/arduino.ar(USBCore.cpp.o)
                0x00081644                USBD_Recv(unsigned long)
 *fill*         0x00081662        0x2 00
 .text._GLOBAL__I_TxLEDPulse
                0x00081664        0xc C:/AWorkspace/ReWheel/Release/arduino.ar(USBCore.cpp.o)
 .text.initiateReset
                0x00081670        0xc C:/AWorkspace/ReWheel/Release/arduino.ar(Reset.cpp.o)
                0x00081670                initiateReset
 .text.cancelReset
                0x0008167c       0x10 C:/AWorkspace/ReWheel/Release/arduino.ar(Reset.cpp.o)
                0x0008167c                cancelReset
 .text.tickReset
                0x0008168c       0x20 C:/AWorkspace/ReWheel/Release/arduino.ar(Reset.cpp.o)
                0x0008168c                tickReset
 .text._ZN7Serial_9availableEv
                0x000816ac       0x18 C:/AWorkspace/ReWheel/Release/arduino.ar(CDC.cpp.o)
                0x000816ac                Serial_::available()
 .text._ZN7Serial_4peekEv
                0x000816c4       0x20 C:/AWorkspace/ReWheel/Release/arduino.ar(CDC.cpp.o)
                0x000816c4                Serial_::peek()
 .text._ZN7Serial_5writeEh
                0x000816e4       0x14 C:/AWorkspace/ReWheel/Release/arduino.ar(CDC.cpp.o)
                0x000816e4                Serial_::write(unsigned char)
 .text._ZN7Serial_5writeEPKhj
                0x000816f8       0x28 C:/AWorkspace/ReWheel/Release/arduino.ar(CDC.cpp.o)
                0x000816f8                Serial_::write(unsigned char const*, unsigned int)
 .text._ZN7Serial_5flushEv
                0x00081720        0x6 C:/AWorkspace/ReWheel/Release/arduino.ar(CDC.cpp.o)
                0x00081720                Serial_::flush()
 *fill*         0x00081726        0x2 00
 .text._ZN7Serial_4readEv
                0x00081728       0x44 C:/AWorkspace/ReWheel/Release/arduino.ar(CDC.cpp.o)
                0x00081728                Serial_::read()
 .text._ZN7Serial_6acceptEv
                0x0008176c       0x6c C:/AWorkspace/ReWheel/Release/arduino.ar(CDC.cpp.o)
                0x0008176c                Serial_::accept()
 .text._Z21CDC_GetOtherInterfacePh
                0x000817d8       0x14 C:/AWorkspace/ReWheel/Release/arduino.ar(CDC.cpp.o)
                0x000817d8                CDC_GetOtherInterface(unsigned char*)
 .text._Z16CDC_GetInterfacePh
                0x000817ec       0x14 C:/AWorkspace/ReWheel/Release/arduino.ar(CDC.cpp.o)
                0x000817ec                CDC_GetInterface(unsigned char*)
 .text._Z9CDC_SetupR5Setup
                0x00081800       0x60 C:/AWorkspace/ReWheel/Release/arduino.ar(CDC.cpp.o)
                0x00081800                CDC_Setup(Setup&)
 .text._GLOBAL__I_cdc_rx_buffer
                0x00081860       0x1c C:/AWorkspace/ReWheel/Release/arduino.ar(CDC.cpp.o)
 .text._Z9HID_SetupR5Setup
                0x0008187c       0x44 C:/AWorkspace/ReWheel/Release/arduino.ar(HID.cpp.o)
                0x0008187c                HID_Setup(Setup&)
 .text._ZN6Mouse_C1Ev
                0x000818c0        0x6 C:/AWorkspace/ReWheel/Release/arduino.ar(HID.cpp.o)
                0x000818c0                Mouse_::Mouse_()
 *fill*         0x000818c6        0x2 00
 .text._ZN9Keyboard_C1Ev
                0x000818c8       0x10 C:/AWorkspace/ReWheel/Release/arduino.ar(HID.cpp.o)
                0x000818c8                Keyboard_::Keyboard_()
 .text._ZN9Keyboard_5writeEh
                0x000818d8       0x1c C:/AWorkspace/ReWheel/Release/arduino.ar(HID.cpp.o)
                0x000818d8                Keyboard_::write(unsigned char)
 .text._Z14HID_SendReporthPKvm
                0x000818f4       0x2c C:/AWorkspace/ReWheel/Release/arduino.ar(HID.cpp.o)
                0x000818f4                HID_SendReport(unsigned char, void const*, unsigned long)
 .text._ZN9Keyboard_10sendReportEP9KeyReport
                0x00081920        0x8 C:/AWorkspace/ReWheel/Release/arduino.ar(HID.cpp.o)
                0x00081920                Keyboard_::sendReport(KeyReport*)
 .text._ZN9Keyboard_10releaseAllEv
                0x00081928       0x18 C:/AWorkspace/ReWheel/Release/arduino.ar(HID.cpp.o)
                0x00081928                Keyboard_::releaseAll()
 .text._ZN9Keyboard_7releaseEh
                0x00081940       0x74 C:/AWorkspace/ReWheel/Release/arduino.ar(HID.cpp.o)
                0x00081940                Keyboard_::release(unsigned char)
 .text._ZN9Keyboard_5pressEh
                0x000819b4       0x9c C:/AWorkspace/ReWheel/Release/arduino.ar(HID.cpp.o)
                0x000819b4                Keyboard_::press(unsigned char)
 .text._Z17HID_GetDescriptori
                0x00081a50       0x10 C:/AWorkspace/ReWheel/Release/arduino.ar(HID.cpp.o)
                0x00081a50                HID_GetDescriptor(int)
 .text._Z16HID_GetInterfacePh
                0x00081a60       0x14 C:/AWorkspace/ReWheel/Release/arduino.ar(HID.cpp.o)
                0x00081a60                HID_GetInterface(unsigned char*)
 .text._GLOBAL__I_Mouse
                0x00081a74       0x1c C:/AWorkspace/ReWheel/Release/arduino.ar(HID.cpp.o)
 .text.UDD_SetStack
                0x00081a90        0xc C:/arduino-1.5.2/hardware/arduino/sam/variants/arduino_due_x/libsam_sam3x8e_gcc_rel.a(uotghs_device.o)
                0x00081a90                UDD_SetStack
 .text.UDD_Init
                0x00081a9c       0xd0 C:/arduino-1.5.2/hardware/arduino/sam/variants/arduino_due_x/libsam_sam3x8e_gcc_rel.a(uotghs_device.o)
                0x00081a9c                UDD_Init
 .text.UDD_Attach
                0x00081b6c       0x4c C:/arduino-1.5.2/hardware/arduino/sam/variants/arduino_due_x/libsam_sam3x8e_gcc_rel.a(uotghs_device.o)
                0x00081b6c                UDD_Attach
 .text.UDD_InitEP
                0x00081bb8       0x30 C:/arduino-1.5.2/hardware/arduino/sam/variants/arduino_due_x/libsam_sam3x8e_gcc_rel.a(uotghs_device.o)
                0x00081bb8                UDD_InitEP
 .text.UDD_InitEndpoints
                0x00081be8       0x3c C:/arduino-1.5.2/hardware/arduino/sam/variants/arduino_due_x/libsam_sam3x8e_gcc_rel.a(uotghs_device.o)
                0x00081be8                UDD_InitEndpoints
 .text.UDD_WaitIN
                0x00081c24       0x14 C:/arduino-1.5.2/hardware/arduino/sam/variants/arduino_due_x/libsam_sam3x8e_gcc_rel.a(uotghs_device.o)
                0x00081c24                UDD_WaitIN
 .text.UDD_WaitOUT
                0x00081c38       0x14 C:/arduino-1.5.2/hardware/arduino/sam/variants/arduino_due_x/libsam_sam3x8e_gcc_rel.a(uotghs_device.o)
                0x00081c38                UDD_WaitOUT
 .text.UDD_ClearIN
                0x00081c4c       0x18 C:/arduino-1.5.2/hardware/arduino/sam/variants/arduino_due_x/libsam_sam3x8e_gcc_rel.a(uotghs_device.o)
                0x00081c4c                UDD_ClearIN
 .text.UDD_ClearOUT
                0x00081c64       0x18 C:/arduino-1.5.2/hardware/arduino/sam/variants/arduino_due_x/libsam_sam3x8e_gcc_rel.a(uotghs_device.o)
                0x00081c64                UDD_ClearOUT
 .text.UDD_ReceivedSetupInt
                0x00081c7c       0x10 C:/arduino-1.5.2/hardware/arduino/sam/variants/arduino_due_x/libsam_sam3x8e_gcc_rel.a(uotghs_device.o)
                0x00081c7c                UDD_ReceivedSetupInt
 .text.UDD_ClearSetupInt
                0x00081c8c       0x10 C:/arduino-1.5.2/hardware/arduino/sam/variants/arduino_due_x/libsam_sam3x8e_gcc_rel.a(uotghs_device.o)
                0x00081c8c                UDD_ClearSetupInt
 .text.UDD_Send
                0x00081c9c       0x90 C:/arduino-1.5.2/hardware/arduino/sam/variants/arduino_due_x/libsam_sam3x8e_gcc_rel.a(uotghs_device.o)
                0x00081c9c                UDD_Send
 .text.UDD_Send8
                0x00081d2c       0x28 C:/arduino-1.5.2/hardware/arduino/sam/variants/arduino_due_x/libsam_sam3x8e_gcc_rel.a(uotghs_device.o)
                0x00081d2c                UDD_Send8
 .text.UDD_Recv8
                0x00081d54       0x28 C:/arduino-1.5.2/hardware/arduino/sam/variants/arduino_due_x/libsam_sam3x8e_gcc_rel.a(uotghs_device.o)
                0x00081d54                UDD_Recv8
 .text.UDD_Recv
                0x00081d7c       0x34 C:/arduino-1.5.2/hardware/arduino/sam/variants/arduino_due_x/libsam_sam3x8e_gcc_rel.a(uotghs_device.o)
                0x00081d7c                UDD_Recv
 .text.UDD_Stall
                0x00081db0       0x14 C:/arduino-1.5.2/hardware/arduino/sam/variants/arduino_due_x/libsam_sam3x8e_gcc_rel.a(uotghs_device.o)
                0x00081db0                UDD_Stall
 .text.UDD_FifoByteCount
                0x00081dc4       0x1c C:/arduino-1.5.2/hardware/arduino/sam/variants/arduino_due_x/libsam_sam3x8e_gcc_rel.a(uotghs_device.o)
                0x00081dc4                UDD_FifoByteCount
 .text.UDD_ReleaseRX
                0x00081de0       0x2c C:/arduino-1.5.2/hardware/arduino/sam/variants/arduino_due_x/libsam_sam3x8e_gcc_rel.a(uotghs_device.o)
                0x00081de0                UDD_ReleaseRX
 .text.UDD_ReleaseTX
                0x00081e0c       0x2c C:/arduino-1.5.2/hardware/arduino/sam/variants/arduino_due_x/libsam_sam3x8e_gcc_rel.a(uotghs_device.o)
                0x00081e0c                UDD_ReleaseTX
 .text.UDD_SetAddress
                0x00081e38       0x20 C:/arduino-1.5.2/hardware/arduino/sam/variants/arduino_due_x/libsam_sam3x8e_gcc_rel.a(uotghs_device.o)
                0x00081e38                UDD_SetAddress
 .text          0x00081e58       0x50 c:/arduino-1.5.2/hardware/tools/g++_arm_none_eabi/bin/../lib/gcc/arm-none-eabi/4.4.1/../../../../arm-none-eabi/lib/thumb2\libc.a(lib_a-init.o)
                0x00081e58                __libc_init_array
 .text          0x00081ea8       0xd4 c:/arduino-1.5.2/hardware/tools/g++_arm_none_eabi/bin/../lib/gcc/arm-none-eabi/4.4.1/../../../../arm-none-eabi/lib/thumb2\libc.a(lib_a-memset.o)
                0x00081ea8                memset
 .text          0x00081f7c       0x60 c:/arduino-1.5.2/hardware/tools/g++_arm_none_eabi/bin/../lib/gcc/arm-none-eabi/4.4.1/../../../../arm-none-eabi/lib/thumb2\libc.a(lib_a-strlen.o)
                0x00081f7c                strlen
 *(.glue_7t)
 .glue_7t       0x00000000        0x0 linker stubs
 *(.glue_7)
 .glue_7        0x00000000        0x0 linker stubs
 *(.rodata .rodata* .gnu.linkonce.r.*)
 .rodata.str1.1
                0x00081fdc       0x25 ./ReWheel.cpp.o
 *fill*         0x00082001        0x3 00
 .rodata.g_APinDescription
                0x00082004      0x9f4 C:/AWorkspace/ReWheel/Release/arduino.ar(variant.cpp.o)
                0x00082004                g_APinDescription
 .rodata._ZTV9UARTClass
                0x000829f8       0x28 C:/AWorkspace/ReWheel/Release/arduino.ar(UARTClass.cpp.o)
                0x000829f8                vtable for UARTClass
 .rodata._ZTV10USARTClass
                0x00082a20       0x28 C:/AWorkspace/ReWheel/Release/arduino.ar(USARTClass.cpp.o)
                0x00082a20                vtable for USARTClass
 .rodata.USB_DeviceDescriptorA
                0x00082a48       0x14 C:/AWorkspace/ReWheel/Release/arduino.ar(USBCore.cpp.o)
                0x00082a48                USB_DeviceDescriptorA
 .rodata.USB_DeviceDescriptor
                0x00082a5c       0x14 C:/AWorkspace/ReWheel/Release/arduino.ar(USBCore.cpp.o)
                0x00082a5c                USB_DeviceDescriptor
 .rodata._ZL9EndPoints
                0x00082a70       0x14 C:/AWorkspace/ReWheel/Release/arduino.ar(USBCore.cpp.o)
 .rodata.STRING_IPRODUCT
                0x00082a84       0x24 C:/AWorkspace/ReWheel/Release/arduino.ar(USBCore.cpp.o)
                0x00082a84                STRING_IPRODUCT
 .rodata.STRING_LANGUAGE
                0x00082aa8        0x4 C:/AWorkspace/ReWheel/Release/arduino.ar(USBCore.cpp.o)
                0x00082aa8                STRING_LANGUAGE
 .rodata._ZL18test_packet_buffer
                0x00082aac       0x38 C:/AWorkspace/ReWheel/Release/arduino.ar(USBCore.cpp.o)
 .rodata.STRING_IMANUFACTURER
                0x00082ae4       0x18 C:/AWorkspace/ReWheel/Release/arduino.ar(USBCore.cpp.o)
                0x00082ae4                STRING_IMANUFACTURER
 .rodata._ZL19USB_DeviceQualifier
                0x00082afc       0x14 C:/AWorkspace/ReWheel/Release/arduino.ar(USBCore.cpp.o)
 .rodata._ZTV7Serial_
                0x00082b10       0x28 C:/AWorkspace/ReWheel/Release/arduino.ar(CDC.cpp.o)
                0x00082b10                vtable for Serial_
 .rodata._ZL18_cdcOtherInterface
                0x00082b38       0x44 C:/AWorkspace/ReWheel/Release/arduino.ar(CDC.cpp.o)
 .rodata._ZL13_cdcInterface
                0x00082b7c       0x44 C:/AWorkspace/ReWheel/Release/arduino.ar(CDC.cpp.o)
 .rodata._ZTV9Keyboard_
                0x00082bc0       0x20 C:/AWorkspace/ReWheel/Release/arduino.ar(HID.cpp.o)
                0x00082bc0                vtable for Keyboard_
 .rodata._asciimap
                0x00082be0       0x80 C:/AWorkspace/ReWheel/Release/arduino.ar(HID.cpp.o)
                0x00082be0                _asciimap
 .rodata._hidInterface
                0x00082c60       0x1c C:/AWorkspace/ReWheel/Release/arduino.ar(HID.cpp.o)
                0x00082c60                _hidInterface
 .rodata._hidReportDescriptor
                0x00082c7c       0x68 C:/AWorkspace/ReWheel/Release/arduino.ar(HID.cpp.o)
                0x00082c7c                _hidReportDescriptor
 *(.ARM.extab* .gnu.linkonce.armextab.*)
                0x00082ce4                . = ALIGN (0x4)
 *(.init)
 .init          0x00082ce4        0x4 c:/arduino-1.5.2/hardware/tools/g++_arm_none_eabi/bin/../lib/gcc/arm-none-eabi/4.4.1/thumb2/crti.o
                0x00082ce4                _init
 .init          0x00082ce8        0x8 c:/arduino-1.5.2/hardware/tools/g++_arm_none_eabi/bin/../lib/gcc/arm-none-eabi/4.4.1/thumb2/crtn.o
                0x00082cf0                . = ALIGN (0x4)
                0x00082cf0                __preinit_array_start = .
 *(.preinit_array)
                0x00082cf0                __preinit_array_end = .
                0x00082cf0                . = ALIGN (0x4)
                0x00082cf0                __init_array_start = .
 *(SORT(.init_array.*))
 *(.init_array)
 .init_array    0x00082cf0        0x4 c:/arduino-1.5.2/hardware/tools/g++_arm_none_eabi/bin/../lib/gcc/arm-none-eabi/4.4.1/thumb2/crtbegin.o
 .init_array    0x00082cf4        0x4 C:/AWorkspace/ReWheel/Release/arduino.ar(variant.cpp.o)
 .init_array    0x00082cf8        0x4 C:/AWorkspace/ReWheel/Release/arduino.ar(USBCore.cpp.o)
 .init_array    0x00082cfc        0x4 C:/AWorkspace/ReWheel/Release/arduino.ar(CDC.cpp.o)
 .init_array    0x00082d00        0x4 C:/AWorkspace/ReWheel/Release/arduino.ar(HID.cpp.o)
                0x00082d04                __init_array_end = .
                0x00082d04                . = ALIGN (0x4)
 *crtbegin.o(.ctors)
 *(EXCLUDE_FILE(*crtend.o) .ctors)
 *(SORT(.ctors.*))
 *crtend.o(.ctors)
                0x00082d04                . = ALIGN (0x4)
 *(.fini)
 .fini          0x00082d04        0x4 c:/arduino-1.5.2/hardware/tools/g++_arm_none_eabi/bin/../lib/gcc/arm-none-eabi/4.4.1/thumb2/crti.o
                0x00082d04                _fini
 .fini          0x00082d08        0x8 c:/arduino-1.5.2/hardware/tools/g++_arm_none_eabi/bin/../lib/gcc/arm-none-eabi/4.4.1/thumb2/crtn.o
                0x00082d10                . = ALIGN (0x4)
                0x00082d10                __fini_array_start = .
 *(.fini_array)
 .fini_array    0x00082d10        0x4 c:/arduino-1.5.2/hardware/tools/g++_arm_none_eabi/bin/../lib/gcc/arm-none-eabi/4.4.1/thumb2/crtbegin.o
 *(SORT(.fini_array.*))
                0x00082d14                __fini_array_end = .
 *crtbegin.o(.dtors)
 *(EXCLUDE_FILE(*crtend.o) .dtors)
 *(SORT(.dtors.*))
 *crtend.o(.dtors)
                0x00082d14                . = ALIGN (0x4)
                0x00082d14                _efixed = .
                0x00082d14                PROVIDE (__exidx_start, .)

.jcr            0x00082d14        0x0
 .jcr           0x00082d14        0x0 c:/arduino-1.5.2/hardware/tools/g++_arm_none_eabi/bin/../lib/gcc/arm-none-eabi/4.4.1/thumb2/crtbegin.o

.vfp11_veneer   0x00082d14        0x0
 .vfp11_veneer  0x00000000        0x0 linker stubs

.v4_bx          0x00082d14        0x0
 .v4_bx         0x00000000        0x0 linker stubs

.ARM.exidx
 *(.ARM.exidx* .gnu.linkonce.armexidx.*)
                0x00082d14                PROVIDE (__exidx_end, .)
                0x00082d14                . = ALIGN (0x4)
                0x00082d14                _etext = .

.relocate       0x20070000       0x50 load address 0x00082d14
                0x20070000                . = ALIGN (0x4)
                0x20070000                _srelocate = .
 *(.ramfunc .ramfunc.*)
 .ramfunc       0x20070000       0x34 C:/AWorkspace/ReWheel/Release/arduino.ar(Reset.cpp.o)
                0x20070000                banzai
 *(.data .data.*)
 .data.rotationThreshold
                0x20070034        0x4 ./ReWheel.cpp.o
                0x20070034                rotationThreshold
 .data.SystemCoreClock
                0x20070038        0x4 C:/arduino-1.5.2/hardware/arduino/sam/variants/arduino_due_x/libsam_sam3x8e_gcc_rel.a(system_sam3xa.o)
                0x20070038                SystemCoreClock
 .data._ZL5ticks
                0x2007003c        0x4 C:/AWorkspace/ReWheel/Release/arduino.ar(Reset.cpp.o)
 .data._ZL12_usbLineInfo
                0x20070040        0x8 C:/AWorkspace/ReWheel/Release/arduino.ar(CDC.cpp.o)
 .data._hid_protocol
                0x20070048        0x1 C:/AWorkspace/ReWheel/Release/arduino.ar(HID.cpp.o)
                0x20070048                _hid_protocol
 .data._hid_idle
                0x20070049        0x1 C:/AWorkspace/ReWheel/Release/arduino.ar(HID.cpp.o)
                0x20070049                _hid_idle
 *fill*         0x2007004a        0x2 00
 .data.g_interrupt_enabled
                0x2007004c        0x4 C:/arduino-1.5.2/hardware/arduino/sam/variants/arduino_due_x/libsam_sam3x8e_gcc_rel.a(interrupt_sam_nvic.o)
                0x2007004c                g_interrupt_enabled
                0x20070050                . = ALIGN (0x4)
                0x20070050                _erelocate = .

.bss            0x20070050      0x6c8 load address 0x00082d64
                0x20070050                . = ALIGN (0x4)
                0x20070050                _sbss = .
                0x20070050                _szero = .
 *(.bss .bss.*)
 .bss           0x20070050        0x1 c:/arduino-1.5.2/hardware/tools/g++_arm_none_eabi/bin/../lib/gcc/arm-none-eabi/4.4.1/thumb2/crtbegin.o
 *fill*         0x20070051        0x3 00
 .bss.timeOfLastSwitch
                0x20070054        0x4 ./ReWheel.cpp.o
                0x20070054                timeOfLastSwitch
 .bss.count     0x20070058        0x4 ./ReWheel.cpp.o
                0x20070058                count
 .bss.timeOfLastEvent
                0x2007005c        0x4 ./ReWheel.cpp.o
                0x2007005c                timeOfLastEvent
 .bss.detaTsum  0x20070060        0x4 ./ReWheel.cpp.o
                0x20070060                detaTsum
 .bss.deltaA    0x20070064        0x4 ./ReWheel.cpp.o
                0x20070064                deltaA
 .bss.deltaB    0x20070068        0x4 ./ReWheel.cpp.o
                0x20070068                deltaB
 .bss.interruptCounter
                0x2007006c        0x4 ./ReWheel.cpp.o
                0x2007006c                interruptCounter
 .bss.num       0x20070070        0x4 ./ReWheel.cpp.o
                0x20070070                num
 .bss.Serial    0x20070074       0x20 C:/AWorkspace/ReWheel/Release/arduino.ar(variant.cpp.o)
                0x20070074                Serial
 .bss.rx_buffer1
                0x20070094       0x48 C:/AWorkspace/ReWheel/Release/arduino.ar(variant.cpp.o)
                0x20070094                rx_buffer1
 .bss.Serial1   0x200700dc       0x20 C:/AWorkspace/ReWheel/Release/arduino.ar(variant.cpp.o)
                0x200700dc                Serial1
 .bss.Serial2   0x200700fc       0x20 C:/AWorkspace/ReWheel/Release/arduino.ar(variant.cpp.o)
                0x200700fc                Serial2
 .bss.Serial3   0x2007011c       0x20 C:/AWorkspace/ReWheel/Release/arduino.ar(variant.cpp.o)
                0x2007011c                Serial3
 .bss.rx_buffer2
                0x2007013c       0x48 C:/AWorkspace/ReWheel/Release/arduino.ar(variant.cpp.o)
                0x2007013c                rx_buffer2
 .bss.rx_buffer3
                0x20070184       0x48 C:/AWorkspace/ReWheel/Release/arduino.ar(variant.cpp.o)
                0x20070184                rx_buffer3
 .bss.rx_buffer4
                0x200701cc       0x48 C:/AWorkspace/ReWheel/Release/arduino.ar(variant.cpp.o)
                0x200701cc                rx_buffer4
 .bss.callbacksPioA
                0x20070214       0x80 C:/AWorkspace/ReWheel/Release/arduino.ar(WInterrupts.c.o)
 .bss.callbacksPioB
                0x20070294       0x80 C:/AWorkspace/ReWheel/Release/arduino.ar(WInterrupts.c.o)
 .bss.callbacksPioC
                0x20070314       0x80 C:/AWorkspace/ReWheel/Release/arduino.ar(WInterrupts.c.o)
 .bss.callbacksPioD
                0x20070394       0x80 C:/AWorkspace/ReWheel/Release/arduino.ar(WInterrupts.c.o)
 .bss.enabled.5846
                0x20070414        0x4 C:/AWorkspace/ReWheel/Release/arduino.ar(WInterrupts.c.o)
 .bss.pinEnabled
                0x20070418       0x50 C:/AWorkspace/ReWheel/Release/arduino.ar(wiring_analog.c.o)
 .bss._dwTickCount
                0x20070468        0x4 C:/arduino-1.5.2/hardware/arduino/sam/variants/arduino_due_x/libsam_sam3x8e_gcc_rel.a(timetick.o)
 .bss.gpf_isr   0x2007046c        0x4 C:/arduino-1.5.2/hardware/arduino/sam/variants/arduino_due_x/libsam_sam3x8e_gcc_rel.a(uotghs.o)
                0x2007046c                gpf_isr
 .bss._ZL14isEndpointHalt
                0x20070470        0x1 C:/AWorkspace/ReWheel/Release/arduino.ar(USBCore.cpp.o)
 *fill*         0x20070471        0x3 00
 .bss._cmark    0x20070474        0x4 C:/AWorkspace/ReWheel/Release/arduino.ar(USBCore.cpp.o)
                0x20070474                _cmark
 .bss._cend     0x20070478        0x4 C:/AWorkspace/ReWheel/Release/arduino.ar(USBCore.cpp.o)
                0x20070478                _cend
 .bss._cdcComposite
                0x2007047c        0x4 C:/AWorkspace/ReWheel/Release/arduino.ar(USBCore.cpp.o)
                0x2007047c                _cdcComposite
 .bss._usbInitialized
                0x20070480        0x4 C:/AWorkspace/ReWheel/Release/arduino.ar(USBCore.cpp.o)
                0x20070480                _usbInitialized
 .bss.USBDevice
                0x20070484        0x4 C:/AWorkspace/ReWheel/Release/arduino.ar(USBCore.cpp.o)
                0x20070484                USBDevice
 .bss._usbSetInterface
                0x20070488        0x4 C:/AWorkspace/ReWheel/Release/arduino.ar(USBCore.cpp.o)
                0x20070488                _usbSetInterface
 .bss._ZL21isRemoteWakeUpEnabled
                0x2007048c        0x1 C:/AWorkspace/ReWheel/Release/arduino.ar(USBCore.cpp.o)
 *fill*         0x2007048d        0x3 00
 .bss._usbConfiguration
                0x20070490        0x4 C:/AWorkspace/ReWheel/Release/arduino.ar(USBCore.cpp.o)
                0x20070490                _usbConfiguration
 .bss.cdc_rx_buffer
                0x20070494      0x208 C:/AWorkspace/ReWheel/Release/arduino.ar(CDC.cpp.o)
                0x20070494                cdc_rx_buffer
 .bss._ZZN7Serial_6acceptEvE5guard
                0x2007069c        0x4 C:/AWorkspace/ReWheel/Release/arduino.ar(CDC.cpp.o)
 .bss.SerialUSB
                0x200706a0       0x14 C:/AWorkspace/ReWheel/Release/arduino.ar(CDC.cpp.o)
                0x200706a0                SerialUSB
 .bss.Mouse     0x200706b4        0x4 C:/AWorkspace/ReWheel/Release/arduino.ar(HID.cpp.o)
                0x200706b4                Mouse
 .bss.Keyboard  0x200706b8       0x10 C:/AWorkspace/ReWheel/Release/arduino.ar(HID.cpp.o)
                0x200706b8                Keyboard
 .bss.ul_recv_fifo_ptr
                0x200706c8       0x28 C:/arduino-1.5.2/hardware/arduino/sam/variants/arduino_due_x/libsam_sam3x8e_gcc_rel.a(uotghs_device.o)
 .bss.ul_send_fifo_ptr
                0x200706f0       0x28 C:/arduino-1.5.2/hardware/arduino/sam/variants/arduino_due_x/libsam_sam3x8e_gcc_rel.a(uotghs_device.o)
 *(COMMON)
                0x20070718                . = ALIGN (0x4)
                0x20070718                _ebss = .
                0x20070718                _ezero = .
                0x20070718                . = ALIGN (0x4)
                0x20070718                _end = .

.stack_dummy    0x20070718        0x0
 *(.stack*)
                0x20088000                __StackTop = 0x20088000
                0x20088000                __StackLimit = (__StackTop - SIZEOF (.stack_dummy))
                0x20088000                PROVIDE (_sstack, __StackLimit)
                0x20088000                PROVIDE (_estack, __StackTop)
OUTPUT(C:/AWorkspace/ReWheel/Release/ReWheel.elf elf32-littlearm)

.ARM.attributes
                0x00000000       0x25
 .ARM.attributes
                0x00000000       0x19 c:/arduino-1.5.2/hardware/tools/g++_arm_none_eabi/bin/../lib/gcc/arm-none-eabi/4.4.1/thumb2/crti.o
 .ARM.attributes
                0x00000019       0x29 c:/arduino-1.5.2/hardware/tools/g++_arm_none_eabi/bin/../lib/gcc/arm-none-eabi/4.4.1/thumb2/crtbegin.o
 .ARM.attributes
                0x00000042       0x31 C:/AWorkspace/ReWheel/Release/arduino/syscalls_sam3.c.o
 .ARM.attributes
                0x00000073       0x31 ./ReWheel.cpp.o
 .ARM.attributes
                0x000000a4       0x31 C:/AWorkspace/ReWheel/Release/arduino.ar(variant.cpp.o)
 .ARM.attributes
                0x000000d5       0x31 C:/AWorkspace/ReWheel/Release/arduino.ar(Print.cpp.o)
 .ARM.attributes
                0x00000106       0x31 C:/AWorkspace/ReWheel/Release/arduino.ar(RingBuffer.cpp.o)
 .ARM.attributes
                0x00000137       0x31 C:/AWorkspace/ReWheel/Release/arduino.ar(UARTClass.cpp.o)
 .ARM.attributes
                0x00000168       0x31 C:/AWorkspace/ReWheel/Release/arduino.ar(USARTClass.cpp.o)
 .ARM.attributes
                0x00000199       0x31 C:/AWorkspace/ReWheel/Release/arduino.ar(WInterrupts.c.o)
 .ARM.attributes
                0x000001ca       0x31 C:/AWorkspace/ReWheel/Release/arduino.ar(WString.cpp.o)
 .ARM.attributes
                0x000001fb       0x31 C:/AWorkspace/ReWheel/Release/arduino.ar(cxxabi-compat.cpp.o)
 .ARM.attributes
                0x0000022c       0x31 C:/AWorkspace/ReWheel/Release/arduino.ar(itoa.c.o)
 .ARM.attributes
                0x0000025d       0x31 C:/AWorkspace/ReWheel/Release/arduino.ar(wiring.c.o)
 .ARM.attributes
                0x0000028e       0x31 C:/AWorkspace/ReWheel/Release/arduino.ar(wiring_analog.c.o)
 .ARM.attributes
                0x000002bf       0x31 C:/AWorkspace/ReWheel/Release/arduino.ar(wiring_digital.c.o)
 .ARM.attributes
                0x000002f0       0x31 C:/AWorkspace/ReWheel/Release/arduino.ar(hooks.c.o)
 .ARM.attributes
                0x00000321       0x31 C:/arduino-1.5.2/hardware/arduino/sam/variants/arduino_due_x/libsam_sam3x8e_gcc_rel.a(pio.o)
 .ARM.attributes
                0x00000352       0x31 C:/arduino-1.5.2/hardware/arduino/sam/variants/arduino_due_x/libsam_sam3x8e_gcc_rel.a(pmc.o)
 .ARM.attributes
                0x00000383       0x31 C:/arduino-1.5.2/hardware/arduino/sam/variants/arduino_due_x/libsam_sam3x8e_gcc_rel.a(pwmc.o)
 .ARM.attributes
                0x000003b4       0x31 C:/arduino-1.5.2/hardware/arduino/sam/variants/arduino_due_x/libsam_sam3x8e_gcc_rel.a(tc.o)
 .ARM.attributes
                0x000003e5       0x31 C:/arduino-1.5.2/hardware/arduino/sam/variants/arduino_due_x/libsam_sam3x8e_gcc_rel.a(timetick.o)
 .ARM.attributes
                0x00000416       0x31 C:/arduino-1.5.2/hardware/arduino/sam/variants/arduino_due_x/libsam_sam3x8e_gcc_rel.a(wdt.o)
 .ARM.attributes
                0x00000447       0x31 C:/arduino-1.5.2/hardware/arduino/sam/variants/arduino_due_x/libsam_sam3x8e_gcc_rel.a(system_sam3xa.o)
 .ARM.attributes
                0x00000478       0x31 C:/arduino-1.5.2/hardware/arduino/sam/variants/arduino_due_x/libsam_sam3x8e_gcc_rel.a(startup_sam3xa.o)
 .ARM.attributes
                0x000004a9       0x31 C:/arduino-1.5.2/hardware/arduino/sam/variants/arduino_due_x/libsam_sam3x8e_gcc_rel.a(adc.o)
 .ARM.attributes
                0x000004da       0x31 C:/arduino-1.5.2/hardware/arduino/sam/variants/arduino_due_x/libsam_sam3x8e_gcc_rel.a(uotghs.o)
 .ARM.attributes
                0x0000050b       0x31 C:/arduino-1.5.2/hardware/arduino/sam/variants/arduino_due_x/libsam_sam3x8e_gcc_rel.a(dacc.o)
 .ARM.attributes
                0x0000053c       0x31 C:/AWorkspace/ReWheel/Release/arduino.ar(cortex_handlers.c.o)
 .ARM.attributes
                0x0000056d       0x31 C:/AWorkspace/ReWheel/Release/arduino.ar(main.cpp.o)
 .ARM.attributes
                0x0000059e       0x31 C:/AWorkspace/ReWheel/Release/arduino.ar(USBCore.cpp.o)
 .ARM.attributes
                0x000005cf       0x31 C:/AWorkspace/ReWheel/Release/arduino.ar(Reset.cpp.o)
 .ARM.attributes
                0x00000600       0x31 C:/AWorkspace/ReWheel/Release/arduino.ar(CDC.cpp.o)
 .ARM.attributes
                0x00000631       0x31 C:/AWorkspace/ReWheel/Release/arduino.ar(HID.cpp.o)
 .ARM.attributes
                0x00000662       0x31 C:/arduino-1.5.2/hardware/arduino/sam/variants/arduino_due_x/libsam_sam3x8e_gcc_rel.a(interrupt_sam_nvic.o)
 .ARM.attributes
                0x00000693       0x31 C:/arduino-1.5.2/hardware/arduino/sam/variants/arduino_due_x/libsam_sam3x8e_gcc_rel.a(uotghs_device.o)
 .ARM.attributes
                0x000006c4       0x29 c:/arduino-1.5.2/hardware/tools/g++_arm_none_eabi/bin/../lib/gcc/arm-none-eabi/4.4.1/../../../../arm-none-eabi/lib/thumb2\libm.a(lib_a-s_isinfd.o)
 .ARM.attributes
                0x000006ed       0x29 c:/arduino-1.5.2/hardware/tools/g++_arm_none_eabi/bin/../lib/gcc/arm-none-eabi/4.4.1/../../../../arm-none-eabi/lib/thumb2\libm.a(lib_a-s_isnand.o)
 .ARM.attributes
                0x00000716       0x1b c:/arduino-1.5.2/hardware/tools/g++_arm_none_eabi/bin/../lib/gcc/arm-none-eabi/4.4.1/thumb2\libgcc.a(_arm_addsubdf3.o)
 .ARM.attributes
                0x00000731       0x1b c:/arduino-1.5.2/hardware/tools/g++_arm_none_eabi/bin/../lib/gcc/arm-none-eabi/4.4.1/thumb2\libgcc.a(_arm_muldivdf3.o)
 .ARM.attributes
                0x0000074c       0x1b c:/arduino-1.5.2/hardware/tools/g++_arm_none_eabi/bin/../lib/gcc/arm-none-eabi/4.4.1/thumb2\libgcc.a(_arm_cmpdf2.o)
 .ARM.attributes
                0x00000767       0x1b c:/arduino-1.5.2/hardware/tools/g++_arm_none_eabi/bin/../lib/gcc/arm-none-eabi/4.4.1/thumb2\libgcc.a(_arm_fixdfsi.o)
 .ARM.attributes
                0x00000782       0x1b c:/arduino-1.5.2/hardware/tools/g++_arm_none_eabi/bin/../lib/gcc/arm-none-eabi/4.4.1/thumb2\libgcc.a(_arm_fixunsdfsi.o)
 .ARM.attributes
                0x0000079d       0x29 c:/arduino-1.5.2/hardware/tools/g++_arm_none_eabi/bin/../lib/gcc/arm-none-eabi/4.4.1/../../../../arm-none-eabi/lib/thumb2\libc.a(lib_a-assert.o)
 .ARM.attributes
                0x000007c6       0x29 c:/arduino-1.5.2/hardware/tools/g++_arm_none_eabi/bin/../lib/gcc/arm-none-eabi/4.4.1/../../../../arm-none-eabi/lib/thumb2\libc.a(lib_a-atol.o)
 .ARM.attributes
                0x000007ef       0x29 c:/arduino-1.5.2/hardware/tools/g++_arm_none_eabi/bin/../lib/gcc/arm-none-eabi/4.4.1/../../../../arm-none-eabi/lib/thumb2\libc.a(lib_a-fiprintf.o)
 .ARM.attributes
                0x00000818       0x29 c:/arduino-1.5.2/hardware/tools/g++_arm_none_eabi/bin/../lib/gcc/arm-none-eabi/4.4.1/../../../../arm-none-eabi/lib/thumb2\libc.a(lib_a-impure.o)
 .ARM.attributes
                0x00000841       0x29 c:/arduino-1.5.2/hardware/tools/g++_arm_none_eabi/bin/../lib/gcc/arm-none-eabi/4.4.1/../../../../arm-none-eabi/lib/thumb2\libc.a(lib_a-init.o)
 .ARM.attributes
                0x0000086a       0x29 c:/arduino-1.5.2/hardware/tools/g++_arm_none_eabi/bin/../lib/gcc/arm-none-eabi/4.4.1/../../../../arm-none-eabi/lib/thumb2\libc.a(lib_a-iprintf.o)
 .ARM.attributes
                0x00000893       0x29 c:/arduino-1.5.2/hardware/tools/g++_arm_none_eabi/bin/../lib/gcc/arm-none-eabi/4.4.1/../../../../arm-none-eabi/lib/thumb2\libc.a(lib_a-isspace.o)
 .ARM.attributes
                0x000008bc       0x29 c:/arduino-1.5.2/hardware/tools/g++_arm_none_eabi/bin/../lib/gcc/arm-none-eabi/4.4.1/../../../../arm-none-eabi/lib/thumb2\libc.a(lib_a-malloc.o)
 .ARM.attributes
                0x000008e5       0x29 c:/arduino-1.5.2/hardware/tools/g++_arm_none_eabi/bin/../lib/gcc/arm-none-eabi/4.4.1/../../../../arm-none-eabi/lib/thumb2\libc.a(lib_a-mallocr.o)
 .ARM.attributes
                0x0000090e       0x29 c:/arduino-1.5.2/hardware/tools/g++_arm_none_eabi/bin/../lib/gcc/arm-none-eabi/4.4.1/../../../../arm-none-eabi/lib/thumb2\libc.a(lib_a-memcpy.o)
 .ARM.attributes
                0x00000937       0x29 c:/arduino-1.5.2/hardware/tools/g++_arm_none_eabi/bin/../lib/gcc/arm-none-eabi/4.4.1/../../../../arm-none-eabi/lib/thumb2\libc.a(lib_a-memmove.o)
 .ARM.attributes
                0x00000960       0x29 c:/arduino-1.5.2/hardware/tools/g++_arm_none_eabi/bin/../lib/gcc/arm-none-eabi/4.4.1/../../../../arm-none-eabi/lib/thumb2\libc.a(lib_a-memset.o)
 .ARM.attributes
                0x00000989       0x29 c:/arduino-1.5.2/hardware/tools/g++_arm_none_eabi/bin/../lib/gcc/arm-none-eabi/4.4.1/../../../../arm-none-eabi/lib/thumb2\libc.a(lib_a-mlock.o)
 .ARM.attributes
                0x000009b2       0x29 c:/arduino-1.5.2/hardware/tools/g++_arm_none_eabi/bin/../lib/gcc/arm-none-eabi/4.4.1/../../../../arm-none-eabi/lib/thumb2\libc.a(lib_a-realloc.o)
 .ARM.attributes
                0x000009db       0x29 c:/arduino-1.5.2/hardware/tools/g++_arm_none_eabi/bin/../lib/gcc/arm-none-eabi/4.4.1/../../../../arm-none-eabi/lib/thumb2\libc.a(lib_a-reallocr.o)
 .ARM.attributes
                0x00000a04       0x29 c:/arduino-1.5.2/hardware/tools/g++_arm_none_eabi/bin/../lib/gcc/arm-none-eabi/4.4.1/../../../../arm-none-eabi/lib/thumb2\libc.a(lib_a-sbrkr.o)
 .ARM.attributes
                0x00000a2d       0x29 c:/arduino-1.5.2/hardware/tools/g++_arm_none_eabi/bin/../lib/gcc/arm-none-eabi/4.4.1/../../../../arm-none-eabi/lib/thumb2\libc.a(lib_a-strchr.o)
 .ARM.attributes
                0x00000a56       0x29 c:/arduino-1.5.2/hardware/tools/g++_arm_none_eabi/bin/../lib/gcc/arm-none-eabi/4.4.1/../../../../arm-none-eabi/lib/thumb2\libc.a(lib_a-strcmp.o)
 .ARM.attributes
                0x00000a7f       0x29 c:/arduino-1.5.2/hardware/tools/g++_arm_none_eabi/bin/../lib/gcc/arm-none-eabi/4.4.1/../../../../arm-none-eabi/lib/thumb2\libc.a(lib_a-strcpy.o)
 .ARM.attributes
                0x00000aa8       0x29 c:/arduino-1.5.2/hardware/tools/g++_arm_none_eabi/bin/../lib/gcc/arm-none-eabi/4.4.1/../../../../arm-none-eabi/lib/thumb2\libc.a(lib_a-strlen.o)
 .ARM.attributes
                0x00000ad1       0x29 c:/arduino-1.5.2/hardware/tools/g++_arm_none_eabi/bin/../lib/gcc/arm-none-eabi/4.4.1/../../../../arm-none-eabi/lib/thumb2\libc.a(lib_a-strncmp.o)
 .ARM.attributes
                0x00000afa       0x29 c:/arduino-1.5.2/hardware/tools/g++_arm_none_eabi/bin/../lib/gcc/arm-none-eabi/4.4.1/../../../../arm-none-eabi/lib/thumb2\libc.a(lib_a-strncpy.o)
 .ARM.attributes
                0x00000b23       0x29 c:/arduino-1.5.2/hardware/tools/g++_arm_none_eabi/bin/../lib/gcc/arm-none-eabi/4.4.1/../../../../arm-none-eabi/lib/thumb2\libc.a(lib_a-strrchr.o)
 .ARM.attributes
                0x00000b4c       0x29 c:/arduino-1.5.2/hardware/tools/g++_arm_none_eabi/bin/../lib/gcc/arm-none-eabi/4.4.1/../../../../arm-none-eabi/lib/thumb2\libc.a(lib_a-strstr.o)
 .ARM.attributes
                0x00000b75       0x29 c:/arduino-1.5.2/hardware/tools/g++_arm_none_eabi/bin/../lib/gcc/arm-none-eabi/4.4.1/../../../../arm-none-eabi/lib/thumb2\libc.a(lib_a-strtol.o)
 .ARM.attributes
                0x00000b9e       0x29 c:/arduino-1.5.2/hardware/tools/g++_arm_none_eabi/bin/../lib/gcc/arm-none-eabi/4.4.1/../../../../arm-none-eabi/lib/thumb2\libc.a(lib_a-tolower.o)
 .ARM.attributes
                0x00000bc7       0x29 c:/arduino-1.5.2/hardware/tools/g++_arm_none_eabi/bin/../lib/gcc/arm-none-eabi/4.4.1/../../../../arm-none-eabi/lib/thumb2\libc.a(lib_a-toupper.o)
 .ARM.attributes
                0x00000bf0       0x29 c:/arduino-1.5.2/hardware/tools/g++_arm_none_eabi/bin/../lib/gcc/arm-none-eabi/4.4.1/../../../../arm-none-eabi/lib/thumb2\libc.a(lib_a-vfiprintf.o)
 .ARM.attributes
                0x00000c19       0x29 c:/arduino-1.5.2/hardware/tools/g++_arm_none_eabi/bin/../lib/gcc/arm-none-eabi/4.4.1/../../../../arm-none-eabi/lib/thumb2\libc.a(lib_a-wsetup.o)
 .ARM.attributes
                0x00000c42       0x29 c:/arduino-1.5.2/hardware/tools/g++_arm_none_eabi/bin/../lib/gcc/arm-none-eabi/4.4.1/../../../../arm-none-eabi/lib/thumb2\libc.a(lib_a-abort.o)
 .ARM.attributes
                0x00000c6b       0x29 c:/arduino-1.5.2/hardware/tools/g++_arm_none_eabi/bin/../lib/gcc/arm-none-eabi/4.4.1/../../../../arm-none-eabi/lib/thumb2\libc.a(lib_a-ctype_.o)
 .ARM.attributes
                0x00000c94       0x29 c:/arduino-1.5.2/hardware/tools/g++_arm_none_eabi/bin/../lib/gcc/arm-none-eabi/4.4.1/../../../../arm-none-eabi/lib/thumb2\libc.a(lib_a-fflush.o)
 .ARM.attributes
                0x00000cbd       0x29 c:/arduino-1.5.2/hardware/tools/g++_arm_none_eabi/bin/../lib/gcc/arm-none-eabi/4.4.1/../../../../arm-none-eabi/lib/thumb2\libc.a(lib_a-findfp.o)
 .ARM.attributes
                0x00000ce6       0x29 c:/arduino-1.5.2/hardware/tools/g++_arm_none_eabi/bin/../lib/gcc/arm-none-eabi/4.4.1/../../../../arm-none-eabi/lib/thumb2\libc.a(lib_a-freer.o)
 .ARM.attributes
                0x00000d0f       0x29 c:/arduino-1.5.2/hardware/tools/g++_arm_none_eabi/bin/../lib/gcc/arm-none-eabi/4.4.1/../../../../arm-none-eabi/lib/thumb2\libc.a(lib_a-fvwrite.o)
 .ARM.attributes
                0x00000d38       0x29 c:/arduino-1.5.2/hardware/tools/g++_arm_none_eabi/bin/../lib/gcc/arm-none-eabi/4.4.1/../../../../arm-none-eabi/lib/thumb2\libc.a(lib_a-fwalk.o)
 .ARM.attributes
                0x00000d61       0x29 c:/arduino-1.5.2/hardware/tools/g++_arm_none_eabi/bin/../lib/gcc/arm-none-eabi/4.4.1/../../../../arm-none-eabi/lib/thumb2\libc.a(lib_a-makebuf.o)
 .ARM.attributes
                0x00000d8a       0x29 c:/arduino-1.5.2/hardware/tools/g++_arm_none_eabi/bin/../lib/gcc/arm-none-eabi/4.4.1/../../../../arm-none-eabi/lib/thumb2\libc.a(lib_a-memchr.o)
 .ARM.attributes
                0x00000db3       0x29 c:/arduino-1.5.2/hardware/tools/g++_arm_none_eabi/bin/../lib/gcc/arm-none-eabi/4.4.1/../../../../arm-none-eabi/lib/thumb2\libc.a(lib_a-memcmp.o)
 .ARM.attributes
                0x00000ddc       0x29 c:/arduino-1.5.2/hardware/tools/g++_arm_none_eabi/bin/../lib/gcc/arm-none-eabi/4.4.1/../../../../arm-none-eabi/lib/thumb2\libc.a(lib_a-reent.o)
 .ARM.attributes
                0x00000e05       0x29 c:/arduino-1.5.2/hardware/tools/g++_arm_none_eabi/bin/../lib/gcc/arm-none-eabi/4.4.1/../../../../arm-none-eabi/lib/thumb2\libc.a(lib_a-signal.o)
 .ARM.attributes
                0x00000e2e       0x29 c:/arduino-1.5.2/hardware/tools/g++_arm_none_eabi/bin/../lib/gcc/arm-none-eabi/4.4.1/../../../../arm-none-eabi/lib/thumb2\libc.a(lib_a-signalr.o)
 .ARM.attributes
                0x00000e57       0x29 c:/arduino-1.5.2/hardware/tools/g++_arm_none_eabi/bin/../lib/gcc/arm-none-eabi/4.4.1/../../../../arm-none-eabi/lib/thumb2\libc.a(lib_a-stdio.o)
 .ARM.attributes
                0x00000e80       0x29 c:/arduino-1.5.2/hardware/tools/g++_arm_none_eabi/bin/../lib/gcc/arm-none-eabi/4.4.1/../../../../arm-none-eabi/lib/thumb2\libc.a(lib_a-writer.o)
 .ARM.attributes
                0x00000ea9       0x29 c:/arduino-1.5.2/hardware/tools/g++_arm_none_eabi/bin/../lib/gcc/arm-none-eabi/4.4.1/../../../../arm-none-eabi/lib/thumb2\libc.a(lib_a-closer.o)
 .ARM.attributes
                0x00000ed2       0x29 c:/arduino-1.5.2/hardware/tools/g++_arm_none_eabi/bin/../lib/gcc/arm-none-eabi/4.4.1/../../../../arm-none-eabi/lib/thumb2\libc.a(lib_a-fclose.o)
 .ARM.attributes
                0x00000efb       0x29 c:/arduino-1.5.2/hardware/tools/g++_arm_none_eabi/bin/../lib/gcc/arm-none-eabi/4.4.1/../../../../arm-none-eabi/lib/thumb2\libc.a(lib_a-fstatr.o)
 .ARM.attributes
                0x00000f24       0x29 c:/arduino-1.5.2/hardware/tools/g++_arm_none_eabi/bin/../lib/gcc/arm-none-eabi/4.4.1/../../../../arm-none-eabi/lib/thumb2\libc.a(lib_a-isattyr.o)
 .ARM.attributes
                0x00000f4d       0x29 c:/arduino-1.5.2/hardware/tools/g++_arm_none_eabi/bin/../lib/gcc/arm-none-eabi/4.4.1/../../../../arm-none-eabi/lib/thumb2\libc.a(lib_a-lseekr.o)
 .ARM.attributes
                0x00000f76       0x29 c:/arduino-1.5.2/hardware/tools/g++_arm_none_eabi/bin/../lib/gcc/arm-none-eabi/4.4.1/../../../../arm-none-eabi/lib/thumb2\libc.a(lib_a-readr.o)
 .ARM.attributes
                0x00000f9f       0x1b c:/arduino-1.5.2/hardware/tools/g++_arm_none_eabi/bin/../lib/gcc/arm-none-eabi/4.4.1/thumb2\libgcc.a(_udivsi3.o)
 .ARM.attributes
                0x00000fba       0x1b c:/arduino-1.5.2/hardware/tools/g++_arm_none_eabi/bin/../lib/gcc/arm-none-eabi/4.4.1/thumb2\libgcc.a(_dvmd_tls.o)
 .ARM.attributes
                0x00000fd5       0x1b c:/arduino-1.5.2/hardware/tools/g++_arm_none_eabi/bin/../lib/gcc/arm-none-eabi/4.4.1/thumb2\libgcc.a(_aeabi_uldivmod.o)
 .ARM.attributes
                0x00000ff0       0x29 c:/arduino-1.5.2/hardware/tools/g++_arm_none_eabi/bin/../lib/gcc/arm-none-eabi/4.4.1/thumb2\libgcc.a(bpabi.o)
 .ARM.attributes
                0x00001019       0x29 c:/arduino-1.5.2/hardware/tools/g++_arm_none_eabi/bin/../lib/gcc/arm-none-eabi/4.4.1/thumb2\libgcc.a(_divdi3.o)
 .ARM.attributes
                0x00001042       0x29 c:/arduino-1.5.2/hardware/tools/g++_arm_none_eabi/bin/../lib/gcc/arm-none-eabi/4.4.1/thumb2\libgcc.a(_udivdi3.o)
 .ARM.attributes
                0x0000106b       0x29 c:/arduino-1.5.2/hardware/tools/g++_arm_none_eabi/bin/../lib/gcc/arm-none-eabi/4.4.1/thumb2/crtend.o
 .ARM.attributes
                0x00001094       0x19 c:/arduino-1.5.2/hardware/tools/g++_arm_none_eabi/bin/../lib/gcc/arm-none-eabi/4.4.1/thumb2/crtn.o

.comment        0x00000000      0x3b1
 .comment       0x00000000       0x2b C:/AWorkspace/ReWheel/Release/arduino/syscalls_sam3.c.o
 .comment       0x0000002b       0x2b ./ReWheel.cpp.o
 .comment       0x00000056       0x2b C:/AWorkspace/ReWheel/Release/arduino.ar(variant.cpp.o)
 .comment       0x00000081       0x2b C:/AWorkspace/ReWheel/Release/arduino.ar(Print.cpp.o)
 .comment       0x000000ac       0x2b C:/AWorkspace/ReWheel/Release/arduino.ar(RingBuffer.cpp.o)
 .comment       0x000000d7       0x2b C:/AWorkspace/ReWheel/Release/arduino.ar(UARTClass.cpp.o)
 .comment       0x00000102       0x2b C:/AWorkspace/ReWheel/Release/arduino.ar(USARTClass.cpp.o)
 .comment       0x0000012d       0x2b C:/AWorkspace/ReWheel/Release/arduino.ar(WInterrupts.c.o)
 .comment       0x00000158       0x2b C:/AWorkspace/ReWheel/Release/arduino.ar(WString.cpp.o)
 .comment       0x00000183       0x2b C:/AWorkspace/ReWheel/Release/arduino.ar(cxxabi-compat.cpp.o)
 .comment       0x000001ae       0x2b C:/AWorkspace/ReWheel/Release/arduino.ar(itoa.c.o)
 .comment       0x000001d9       0x2b C:/AWorkspace/ReWheel/Release/arduino.ar(wiring.c.o)
 .comment       0x00000204       0x2b C:/AWorkspace/ReWheel/Release/arduino.ar(wiring_analog.c.o)
 .comment       0x0000022f       0x2b C:/AWorkspace/ReWheel/Release/arduino.ar(wiring_digital.c.o)
 .comment       0x0000025a       0x2b C:/AWorkspace/ReWheel/Release/arduino.ar(hooks.c.o)
 .comment       0x00000285       0x2a C:/arduino-1.5.2/hardware/arduino/sam/variants/arduino_due_x/libsam_sam3x8e_gcc_rel.a(pio.o)
                                 0x2b (size before relaxing)
 .comment       0x00000000       0x2b C:/arduino-1.5.2/hardware/arduino/sam/variants/arduino_due_x/libsam_sam3x8e_gcc_rel.a(pmc.o)
 .comment       0x00000000       0x2b C:/arduino-1.5.2/hardware/arduino/sam/variants/arduino_due_x/libsam_sam3x8e_gcc_rel.a(pwmc.o)
 .comment       0x00000000       0x2b C:/arduino-1.5.2/hardware/arduino/sam/variants/arduino_due_x/libsam_sam3x8e_gcc_rel.a(tc.o)
 .comment       0x00000000       0x2b C:/arduino-1.5.2/hardware/arduino/sam/variants/arduino_due_x/libsam_sam3x8e_gcc_rel.a(timetick.o)
 .comment       0x00000000       0x2b C:/arduino-1.5.2/hardware/arduino/sam/variants/arduino_due_x/libsam_sam3x8e_gcc_rel.a(wdt.o)
 .comment       0x00000000       0x2b C:/arduino-1.5.2/hardware/arduino/sam/variants/arduino_due_x/libsam_sam3x8e_gcc_rel.a(system_sam3xa.o)
 .comment       0x00000000       0x2b C:/arduino-1.5.2/hardware/arduino/sam/variants/arduino_due_x/libsam_sam3x8e_gcc_rel.a(startup_sam3xa.o)
 .comment       0x00000000       0x2b C:/arduino-1.5.2/hardware/arduino/sam/variants/arduino_due_x/libsam_sam3x8e_gcc_rel.a(adc.o)
 .comment       0x00000000       0x2b C:/arduino-1.5.2/hardware/arduino/sam/variants/arduino_due_x/libsam_sam3x8e_gcc_rel.a(uotghs.o)
 .comment       0x00000000       0x2b C:/arduino-1.5.2/hardware/arduino/sam/variants/arduino_due_x/libsam_sam3x8e_gcc_rel.a(dacc.o)
 .comment       0x000002af       0x2b C:/AWorkspace/ReWheel/Release/arduino.ar(cortex_handlers.c.o)
 .comment       0x000002da       0x2b C:/AWorkspace/ReWheel/Release/arduino.ar(main.cpp.o)
 .comment       0x00000305       0x2b C:/AWorkspace/ReWheel/Release/arduino.ar(USBCore.cpp.o)
 .comment       0x00000330       0x2b C:/AWorkspace/ReWheel/Release/arduino.ar(Reset.cpp.o)
 .comment       0x0000035b       0x2b C:/AWorkspace/ReWheel/Release/arduino.ar(CDC.cpp.o)
 .comment       0x00000386       0x2b C:/AWorkspace/ReWheel/Release/arduino.ar(HID.cpp.o)
 .comment       0x00000000       0x2b C:/arduino-1.5.2/hardware/arduino/sam/variants/arduino_due_x/libsam_sam3x8e_gcc_rel.a(interrupt_sam_nvic.o)
 .comment       0x00000000       0x2b C:/arduino-1.5.2/hardware/arduino/sam/variants/arduino_due_x/libsam_sam3x8e_gcc_rel.a(uotghs_device.o)

.debug_abbrev   0x00000000     0x2ea3
 .debug_abbrev  0x00000000      0x169 C:/AWorkspace/ReWheel/Release/arduino/syscalls_sam3.c.o
 .debug_abbrev  0x00000169      0x111 ./ReWheel.cpp.o
 .debug_abbrev  0x0000027a      0x27a C:/AWorkspace/ReWheel/Release/arduino.ar(variant.cpp.o)
 .debug_abbrev  0x000004f4      0x32e C:/AWorkspace/ReWheel/Release/arduino.ar(Print.cpp.o)
 .debug_abbrev  0x00000822      0x139 C:/AWorkspace/ReWheel/Release/arduino.ar(RingBuffer.cpp.o)
 .debug_abbrev  0x0000095b      0x3bf C:/AWorkspace/ReWheel/Release/arduino.ar(UARTClass.cpp.o)
 .debug_abbrev  0x00000d1a      0x3bf C:/AWorkspace/ReWheel/Release/arduino.ar(USARTClass.cpp.o)
 .debug_abbrev  0x000010d9      0x265 C:/AWorkspace/ReWheel/Release/arduino.ar(WInterrupts.c.o)
 .debug_abbrev  0x0000133e      0x384 C:/AWorkspace/ReWheel/Release/arduino.ar(WString.cpp.o)
 .debug_abbrev  0x000016c2       0x27 C:/AWorkspace/ReWheel/Release/arduino.ar(cxxabi-compat.cpp.o)
 .debug_abbrev  0x000016e9       0xe0 C:/AWorkspace/ReWheel/Release/arduino.ar(itoa.c.o)
 .debug_abbrev  0x000017c9      0x13c C:/AWorkspace/ReWheel/Release/arduino.ar(wiring.c.o)
 .debug_abbrev  0x00001905      0x29c C:/AWorkspace/ReWheel/Release/arduino.ar(wiring_analog.c.o)
 .debug_abbrev  0x00001ba1      0x146 C:/AWorkspace/ReWheel/Release/arduino.ar(wiring_digital.c.o)
 .debug_abbrev  0x00001ce7       0x43 C:/AWorkspace/ReWheel/Release/arduino.ar(hooks.c.o)
 .debug_abbrev  0x00001d2a       0xc9 C:/AWorkspace/ReWheel/Release/arduino.ar(cortex_handlers.c.o)
 .debug_abbrev  0x00001df3       0xff C:/AWorkspace/ReWheel/Release/arduino.ar(main.cpp.o)
 .debug_abbrev  0x00001ef2      0x4e3 C:/AWorkspace/ReWheel/Release/arduino.ar(USBCore.cpp.o)
 .debug_abbrev  0x000023d5      0x155 C:/AWorkspace/ReWheel/Release/arduino.ar(Reset.cpp.o)
 .debug_abbrev  0x0000252a      0x4cd C:/AWorkspace/ReWheel/Release/arduino.ar(CDC.cpp.o)
 .debug_abbrev  0x000029f7      0x4ac C:/AWorkspace/ReWheel/Release/arduino.ar(HID.cpp.o)

.debug_info     0x00000000    0x110f1
 .debug_info    0x00000000      0x5fb C:/AWorkspace/ReWheel/Release/arduino/syscalls_sam3.c.o
 .debug_info    0x000005fb      0x318 ./ReWheel.cpp.o
 .debug_info    0x00000913     0x11fb C:/AWorkspace/ReWheel/Release/arduino.ar(variant.cpp.o)
 .debug_info    0x00001b0e     0x1989 C:/AWorkspace/ReWheel/Release/arduino.ar(Print.cpp.o)
 .debug_info    0x00003497      0x195 C:/AWorkspace/ReWheel/Release/arduino.ar(RingBuffer.cpp.o)
 .debug_info    0x0000362c     0x19a2 C:/AWorkspace/ReWheel/Release/arduino.ar(UARTClass.cpp.o)
 .debug_info    0x00004fce     0x1a8a C:/AWorkspace/ReWheel/Release/arduino.ar(USARTClass.cpp.o)
 .debug_info    0x00006a58     0x1149 C:/AWorkspace/ReWheel/Release/arduino.ar(WInterrupts.c.o)
 .debug_info    0x00007ba1     0x2307 C:/AWorkspace/ReWheel/Release/arduino.ar(WString.cpp.o)
 .debug_info    0x00009ea8       0x38 C:/AWorkspace/ReWheel/Release/arduino.ar(cxxabi-compat.cpp.o)
 .debug_info    0x00009ee0      0x23f C:/AWorkspace/ReWheel/Release/arduino.ar(itoa.c.o)
 .debug_info    0x0000a11f      0x2f7 C:/AWorkspace/ReWheel/Release/arduino.ar(wiring.c.o)
 .debug_info    0x0000a416     0x167e C:/AWorkspace/ReWheel/Release/arduino.ar(wiring_analog.c.o)
 .debug_info    0x0000ba94      0x8a4 C:/AWorkspace/ReWheel/Release/arduino.ar(wiring_digital.c.o)
 .debug_info    0x0000c338       0x64 C:/AWorkspace/ReWheel/Release/arduino.ar(hooks.c.o)
 .debug_info    0x0000c39c      0x21b C:/AWorkspace/ReWheel/Release/arduino.ar(cortex_handlers.c.o)
 .debug_info    0x0000c5b7      0x28e C:/AWorkspace/ReWheel/Release/arduino.ar(main.cpp.o)
 .debug_info    0x0000c845     0x1587 C:/AWorkspace/ReWheel/Release/arduino.ar(USBCore.cpp.o)
 .debug_info    0x0000ddcc      0x354 C:/AWorkspace/ReWheel/Release/arduino.ar(Reset.cpp.o)
 .debug_info    0x0000e120     0x21a6 C:/AWorkspace/ReWheel/Release/arduino.ar(CDC.cpp.o)
 .debug_info    0x000102c6      0xe2b C:/AWorkspace/ReWheel/Release/arduino.ar(HID.cpp.o)

.debug_line     0x00000000     0x46af
 .debug_line    0x00000000      0x30d C:/AWorkspace/ReWheel/Release/arduino/syscalls_sam3.c.o
 .debug_line    0x0000030d      0x22c ./ReWheel.cpp.o
 .debug_line    0x00000539      0x3e3 C:/AWorkspace/ReWheel/Release/arduino.ar(variant.cpp.o)
 .debug_line    0x0000091c      0x53f C:/AWorkspace/ReWheel/Release/arduino.ar(Print.cpp.o)
 .debug_line    0x00000e5b      0x139 C:/AWorkspace/ReWheel/Release/arduino.ar(RingBuffer.cpp.o)
 .debug_line    0x00000f94      0x45f C:/AWorkspace/ReWheel/Release/arduino.ar(UARTClass.cpp.o)
 .debug_line    0x000013f3      0x462 C:/AWorkspace/ReWheel/Release/arduino.ar(USARTClass.cpp.o)
 .debug_line    0x00001855      0x3d1 C:/AWorkspace/ReWheel/Release/arduino.ar(WInterrupts.c.o)
 .debug_line    0x00001c26      0x761 C:/AWorkspace/ReWheel/Release/arduino.ar(WString.cpp.o)
 .debug_line    0x00002387       0x75 C:/AWorkspace/ReWheel/Release/arduino.ar(cxxabi-compat.cpp.o)
 .debug_line    0x000023fc       0xd0 C:/AWorkspace/ReWheel/Release/arduino.ar(itoa.c.o)
 .debug_line    0x000024cc      0x27d C:/AWorkspace/ReWheel/Release/arduino.ar(wiring.c.o)
 .debug_line    0x00002749      0x3e8 C:/AWorkspace/ReWheel/Release/arduino.ar(wiring_analog.c.o)
 .debug_line    0x00002b31      0x2aa C:/AWorkspace/ReWheel/Release/arduino.ar(wiring_digital.c.o)
 .debug_line    0x00002ddb       0x8b C:/AWorkspace/ReWheel/Release/arduino.ar(hooks.c.o)
 .debug_line    0x00002e66      0x219 C:/AWorkspace/ReWheel/Release/arduino.ar(cortex_handlers.c.o)
 .debug_line    0x0000307f      0x226 C:/AWorkspace/ReWheel/Release/arduino.ar(main.cpp.o)
 .debug_line    0x000032a5      0x614 C:/AWorkspace/ReWheel/Release/arduino.ar(USBCore.cpp.o)
 .debug_line    0x000038b9      0x315 C:/AWorkspace/ReWheel/Release/arduino.ar(Reset.cpp.o)
 .debug_line    0x00003bce      0x59d C:/AWorkspace/ReWheel/Release/arduino.ar(CDC.cpp.o)
 .debug_line    0x0000416b      0x544 C:/AWorkspace/ReWheel/Release/arduino.ar(HID.cpp.o)

.debug_loc      0x00000000     0x41a4
 .debug_loc     0x00000000       0xf4 C:/AWorkspace/ReWheel/Release/arduino/syscalls_sam3.c.o
 .debug_loc     0x000000f4       0x7c ./ReWheel.cpp.o
 .debug_loc     0x00000170       0x51 C:/AWorkspace/ReWheel/Release/arduino.ar(variant.cpp.o)
 .debug_loc     0x000001c1      0xa36 C:/AWorkspace/ReWheel/Release/arduino.ar(Print.cpp.o)
 .debug_loc     0x00000bf7       0x99 C:/AWorkspace/ReWheel/Release/arduino.ar(RingBuffer.cpp.o)
 .debug_loc     0x00000c90      0x1cc C:/AWorkspace/ReWheel/Release/arduino.ar(UARTClass.cpp.o)
 .debug_loc     0x00000e5c      0x1cc C:/AWorkspace/ReWheel/Release/arduino.ar(USARTClass.cpp.o)
 .debug_loc     0x00001028      0x113 C:/AWorkspace/ReWheel/Release/arduino.ar(WInterrupts.c.o)
 .debug_loc     0x0000113b     0x1ac2 C:/AWorkspace/ReWheel/Release/arduino.ar(WString.cpp.o)
 .debug_loc     0x00002bfd      0x2b1 C:/AWorkspace/ReWheel/Release/arduino.ar(itoa.c.o)
 .debug_loc     0x00002eae       0xac C:/AWorkspace/ReWheel/Release/arduino.ar(wiring.c.o)
 .debug_loc     0x00002f5a      0x22f C:/AWorkspace/ReWheel/Release/arduino.ar(wiring_analog.c.o)
 .debug_loc     0x00003189      0x114 C:/AWorkspace/ReWheel/Release/arduino.ar(wiring_digital.c.o)
 .debug_loc     0x0000329d       0x1f C:/AWorkspace/ReWheel/Release/arduino.ar(cortex_handlers.c.o)
 .debug_loc     0x000032bc       0x1f C:/AWorkspace/ReWheel/Release/arduino.ar(main.cpp.o)
 .debug_loc     0x000032db      0x68a C:/AWorkspace/ReWheel/Release/arduino.ar(USBCore.cpp.o)
 .debug_loc     0x00003965       0x32 C:/AWorkspace/ReWheel/Release/arduino.ar(Reset.cpp.o)
 .debug_loc     0x00003997      0x329 C:/AWorkspace/ReWheel/Release/arduino.ar(CDC.cpp.o)
 .debug_loc     0x00003cc0      0x4e4 C:/AWorkspace/ReWheel/Release/arduino.ar(HID.cpp.o)

.debug_pubnames
                0x00000000     0x1570
 .debug_pubnames
                0x00000000       0x87 C:/AWorkspace/ReWheel/Release/arduino/syscalls_sam3.c.o
 .debug_pubnames
                0x00000087       0xda ./ReWheel.cpp.o
 .debug_pubnames
                0x00000161       0xe6 C:/AWorkspace/ReWheel/Release/arduino.ar(variant.cpp.o)
 .debug_pubnames
                0x00000247      0x200 C:/AWorkspace/ReWheel/Release/arduino.ar(Print.cpp.o)
 .debug_pubnames
                0x00000447       0x63 C:/AWorkspace/ReWheel/Release/arduino.ar(RingBuffer.cpp.o)
 .debug_pubnames
                0x000004aa      0x10e C:/AWorkspace/ReWheel/Release/arduino.ar(UARTClass.cpp.o)
 .debug_pubnames
                0x000005b8      0x11b C:/AWorkspace/ReWheel/Release/arduino.ar(USARTClass.cpp.o)
 .debug_pubnames
                0x000006d3       0x7e C:/AWorkspace/ReWheel/Release/arduino.ar(WInterrupts.c.o)
 .debug_pubnames
                0x00000751      0x5a9 C:/AWorkspace/ReWheel/Release/arduino.ar(WString.cpp.o)
 .debug_pubnames
                0x00000cfa       0x29 C:/AWorkspace/ReWheel/Release/arduino.ar(cxxabi-compat.cpp.o)
 .debug_pubnames
                0x00000d23       0x37 C:/AWorkspace/ReWheel/Release/arduino.ar(itoa.c.o)
 .debug_pubnames
                0x00000d5a       0x48 C:/AWorkspace/ReWheel/Release/arduino.ar(wiring.c.o)
 .debug_pubnames
                0x00000da2       0xa2 C:/AWorkspace/ReWheel/Release/arduino.ar(wiring_analog.c.o)
 .debug_pubnames
                0x00000e44       0x3f C:/AWorkspace/ReWheel/Release/arduino.ar(wiring_digital.c.o)
 .debug_pubnames
                0x00000e83       0x49 C:/AWorkspace/ReWheel/Release/arduino.ar(cortex_handlers.c.o)
 .debug_pubnames
                0x00000ecc       0x1b C:/AWorkspace/ReWheel/Release/arduino.ar(main.cpp.o)
 .debug_pubnames
                0x00000ee7      0x29e C:/AWorkspace/ReWheel/Release/arduino.ar(USBCore.cpp.o)
 .debug_pubnames
                0x00001185       0x4d C:/AWorkspace/ReWheel/Release/arduino.ar(Reset.cpp.o)
 .debug_pubnames
                0x000011d2      0x146 C:/AWorkspace/ReWheel/Release/arduino.ar(CDC.cpp.o)
 .debug_pubnames
                0x00001318      0x258 C:/AWorkspace/ReWheel/Release/arduino.ar(HID.cpp.o)

.debug_aranges  0x00000000      0x988
 .debug_aranges
                0x00000000       0x70 C:/AWorkspace/ReWheel/Release/arduino/syscalls_sam3.c.o
 .debug_aranges
                0x00000070       0x38 ./ReWheel.cpp.o
 .debug_aranges
                0x000000a8       0x48 C:/AWorkspace/ReWheel/Release/arduino.ar(variant.cpp.o)
 .debug_aranges
                0x000000f0       0xf0 C:/AWorkspace/ReWheel/Release/arduino.ar(Print.cpp.o)
 .debug_aranges
                0x000001e0       0x30 C:/AWorkspace/ReWheel/Release/arduino.ar(RingBuffer.cpp.o)
 .debug_aranges
                0x00000210       0x70 C:/AWorkspace/ReWheel/Release/arduino.ar(UARTClass.cpp.o)
 .debug_aranges
                0x00000280       0x70 C:/AWorkspace/ReWheel/Release/arduino.ar(USARTClass.cpp.o)
 .debug_aranges
                0x000002f0       0x48 C:/AWorkspace/ReWheel/Release/arduino.ar(WInterrupts.c.o)
 .debug_aranges
                0x00000338      0x258 C:/AWorkspace/ReWheel/Release/arduino.ar(WString.cpp.o)
 .debug_aranges
                0x00000590       0x20 C:/AWorkspace/ReWheel/Release/arduino.ar(cxxabi-compat.cpp.o)
 .debug_aranges
                0x000005b0       0x38 C:/AWorkspace/ReWheel/Release/arduino.ar(itoa.c.o)
 .debug_aranges
                0x000005e8       0x38 C:/AWorkspace/ReWheel/Release/arduino.ar(wiring.c.o)
 .debug_aranges
                0x00000620       0x58 C:/AWorkspace/ReWheel/Release/arduino.ar(wiring_analog.c.o)
 .debug_aranges
                0x00000678       0x30 C:/AWorkspace/ReWheel/Release/arduino.ar(wiring_digital.c.o)
 .debug_aranges
                0x000006a8       0x30 C:/AWorkspace/ReWheel/Release/arduino.ar(hooks.c.o)
 .debug_aranges
                0x000006d8       0x38 C:/AWorkspace/ReWheel/Release/arduino.ar(cortex_handlers.c.o)
 .debug_aranges
                0x00000710       0x20 C:/AWorkspace/ReWheel/Release/arduino.ar(main.cpp.o)
 .debug_aranges
                0x00000730       0xc0 C:/AWorkspace/ReWheel/Release/arduino.ar(USBCore.cpp.o)
 .debug_aranges
                0x000007f0       0x38 C:/AWorkspace/ReWheel/Release/arduino.ar(Reset.cpp.o)
 .debug_aranges
                0x00000828       0x88 C:/AWorkspace/ReWheel/Release/arduino.ar(CDC.cpp.o)
 .debug_aranges
                0x000008b0       0xd8 C:/AWorkspace/ReWheel/Release/arduino.ar(HID.cpp.o)

.debug_ranges   0x00000000     0x1078
 .debug_ranges  0x00000000       0x68 C:/AWorkspace/ReWheel/Release/arduino/syscalls_sam3.c.o
 .debug_ranges  0x00000068       0x30 ./ReWheel.cpp.o
 .debug_ranges  0x00000098       0x78 C:/AWorkspace/ReWheel/Release/arduino.ar(variant.cpp.o)
 .debug_ranges  0x00000110      0x160 C:/AWorkspace/ReWheel/Release/arduino.ar(Print.cpp.o)
 .debug_ranges  0x00000270       0x40 C:/AWorkspace/ReWheel/Release/arduino.ar(RingBuffer.cpp.o)
 .debug_ranges  0x000002b0       0x98 C:/AWorkspace/ReWheel/Release/arduino.ar(UARTClass.cpp.o)
 .debug_ranges  0x00000348       0x98 C:/AWorkspace/ReWheel/Release/arduino.ar(USARTClass.cpp.o)
 .debug_ranges  0x000003e0       0x58 C:/AWorkspace/ReWheel/Release/arduino.ar(WInterrupts.c.o)
 .debug_ranges  0x00000438      0x658 C:/AWorkspace/ReWheel/Release/arduino.ar(WString.cpp.o)
 .debug_ranges  0x00000a90       0x18 C:/AWorkspace/ReWheel/Release/arduino.ar(cxxabi-compat.cpp.o)
 .debug_ranges  0x00000aa8       0x30 C:/AWorkspace/ReWheel/Release/arduino.ar(itoa.c.o)
 .debug_ranges  0x00000ad8       0x30 C:/AWorkspace/ReWheel/Release/arduino.ar(wiring.c.o)
 .debug_ranges  0x00000b08       0x68 C:/AWorkspace/ReWheel/Release/arduino.ar(wiring_analog.c.o)
 .debug_ranges  0x00000b70       0x28 C:/AWorkspace/ReWheel/Release/arduino.ar(wiring_digital.c.o)
 .debug_ranges  0x00000b98       0x28 C:/AWorkspace/ReWheel/Release/arduino.ar(hooks.c.o)
 .debug_ranges  0x00000bc0       0x30 C:/AWorkspace/ReWheel/Release/arduino.ar(cortex_handlers.c.o)
 .debug_ranges  0x00000bf0       0x18 C:/AWorkspace/ReWheel/Release/arduino.ar(main.cpp.o)
 .debug_ranges  0x00000c08      0x238 C:/AWorkspace/ReWheel/Release/arduino.ar(USBCore.cpp.o)
 .debug_ranges  0x00000e40       0x30 C:/AWorkspace/ReWheel/Release/arduino.ar(Reset.cpp.o)
 .debug_ranges  0x00000e70       0xb8 C:/AWorkspace/ReWheel/Release/arduino.ar(CDC.cpp.o)
 .debug_ranges  0x00000f28      0x150 C:/AWorkspace/ReWheel/Release/arduino.ar(HID.cpp.o)

.debug_str      0x00000000     0x3d4b
 .debug_str     0x00000000      0x2ac C:/AWorkspace/ReWheel/Release/arduino/syscalls_sam3.c.o
                                0x31b (size before relaxing)
 .debug_str     0x000002ac      0x133 ./ReWheel.cpp.o
                                0x1ea (size before relaxing)
 .debug_str     0x000003df      0xb13 C:/AWorkspace/ReWheel/Release/arduino.ar(variant.cpp.o)
                                0xc9d (size before relaxing)
 .debug_str     0x00000ef2      0xadc C:/AWorkspace/ReWheel/Release/arduino.ar(Print.cpp.o)
                                0xc39 (size before relaxing)
 .debug_str     0x000019ce       0x43 C:/AWorkspace/ReWheel/Release/arduino.ar(RingBuffer.cpp.o)
                                0x134 (size before relaxing)
 .debug_str     0x00001a11      0x4fb C:/AWorkspace/ReWheel/Release/arduino.ar(UARTClass.cpp.o)
                               0x1124 (size before relaxing)
 .debug_str     0x00001f0c      0x1fe C:/AWorkspace/ReWheel/Release/arduino.ar(USARTClass.cpp.o)
                               0x1182 (size before relaxing)
 .debug_str     0x0000210a      0x10a C:/AWorkspace/ReWheel/Release/arduino.ar(WInterrupts.c.o)
                                0x9e0 (size before relaxing)
 .debug_str     0x00002214      0x1dd C:/AWorkspace/ReWheel/Release/arduino.ar(WString.cpp.o)
                                0x9b9 (size before relaxing)
 .debug_str     0x000023f1       0x59 C:/AWorkspace/ReWheel/Release/arduino.ar(cxxabi-compat.cpp.o)
                                 0x67 (size before relaxing)
 .debug_str     0x0000244a       0x56 C:/AWorkspace/ReWheel/Release/arduino.ar(itoa.c.o)
                                 0xfd (size before relaxing)
 .debug_str     0x000024a0       0x69 C:/AWorkspace/ReWheel/Release/arduino.ar(wiring.c.o)
                                0x19d (size before relaxing)
 .debug_str     0x00002509      0x4fa C:/AWorkspace/ReWheel/Release/arduino.ar(wiring_analog.c.o)
                                0xbb4 (size before relaxing)
 .debug_str     0x00002a03       0x6c C:/AWorkspace/ReWheel/Release/arduino.ar(wiring_digital.c.o)
                                0x62b (size before relaxing)
 .debug_str     0x00002a6f       0x53 C:/AWorkspace/ReWheel/Release/arduino.ar(hooks.c.o)
                                 0x5f (size before relaxing)
 .debug_str     0x00002ac2       0x71 C:/AWorkspace/ReWheel/Release/arduino.ar(cortex_handlers.c.o)
                                0x177 (size before relaxing)
 .debug_str     0x00002b33       0xdc C:/AWorkspace/ReWheel/Release/arduino.ar(main.cpp.o)
                                0x1e2 (size before relaxing)
 .debug_str     0x00002c0f      0x93d C:/AWorkspace/ReWheel/Release/arduino.ar(USBCore.cpp.o)
                                0xc11 (size before relaxing)
 .debug_str     0x0000354c       0xd2 C:/AWorkspace/ReWheel/Release/arduino.ar(Reset.cpp.o)
                                0x207 (size before relaxing)
 .debug_str     0x0000361e      0x3d3 C:/AWorkspace/ReWheel/Release/arduino.ar(CDC.cpp.o)
                               0x14c7 (size before relaxing)
 .debug_str     0x000039f1      0x35a C:/AWorkspace/ReWheel/Release/arduino.ar(HID.cpp.o)
                                0x628 (size before relaxing)

.debug_frame    0x00000000     0x2460
 .debug_frame   0x00000000       0xd0 C:/AWorkspace/ReWheel/Release/arduino/syscalls_sam3.c.o
 .debug_frame   0x000000d0       0x84 ./ReWheel.cpp.o
 .debug_frame   0x00000154       0x90 C:/AWorkspace/ReWheel/Release/arduino.ar(variant.cpp.o)
 .debug_frame   0x000001e4      0x2c8 C:/AWorkspace/ReWheel/Release/arduino.ar(Print.cpp.o)
 .debug_frame   0x000004ac       0x58 C:/AWorkspace/ReWheel/Release/arduino.ar(RingBuffer.cpp.o)
 .debug_frame   0x00000504       0xf8 C:/AWorkspace/ReWheel/Release/arduino.ar(UARTClass.cpp.o)
 .debug_frame   0x000005fc       0xf8 C:/AWorkspace/ReWheel/Release/arduino.ar(USARTClass.cpp.o)
 .debug_frame   0x000006f4       0xb0 C:/AWorkspace/ReWheel/Release/arduino.ar(WInterrupts.c.o)
 .debug_frame   0x000007a4      0x758 C:/AWorkspace/ReWheel/Release/arduino.ar(WString.cpp.o)
 .debug_frame   0x00000efc       0x20 C:/AWorkspace/ReWheel/Release/arduino.ar(cxxabi-compat.cpp.o)
 .debug_frame   0x00000f1c       0x6c C:/AWorkspace/ReWheel/Release/arduino.ar(itoa.c.o)
 .debug_frame   0x00000f88       0x70 C:/AWorkspace/ReWheel/Release/arduino.ar(wiring.c.o)
 .debug_frame   0x00000ff8       0xb4 C:/AWorkspace/ReWheel/Release/arduino.ar(wiring_analog.c.o)
 .debug_frame   0x000010ac       0x64 C:/AWorkspace/ReWheel/Release/arduino.ar(wiring_digital.c.o)
 .debug_frame   0x00001110       0x40 C:/AWorkspace/ReWheel/Release/arduino.ar(hooks.c.o)
 .debug_frame   0x00001150       0x58 C:/AWorkspace/ReWheel/Release/arduino.ar(cortex_handlers.c.o)
 .debug_frame   0x000011a8       0x28 C:/AWorkspace/ReWheel/Release/arduino.ar(main.cpp.o)
 .debug_frame   0x000011d0      0x218 C:/AWorkspace/ReWheel/Release/arduino.ar(USBCore.cpp.o)
 .debug_frame   0x000013e8       0x58 C:/AWorkspace/ReWheel/Release/arduino.ar(Reset.cpp.o)
 .debug_frame   0x00001440      0x12c C:/AWorkspace/ReWheel/Release/arduino.ar(CDC.cpp.o)
 .debug_frame   0x0000156c      0x1d8 C:/AWorkspace/ReWheel/Release/arduino.ar(HID.cpp.o)
 .debug_frame   0x00001744       0x20 c:/arduino-1.5.2/hardware/tools/g++_arm_none_eabi/bin/../lib/gcc/arm-none-eabi/4.4.1/../../../../arm-none-eabi/lib/thumb2\libm.a(lib_a-s_isinfd.o)
 .debug_frame   0x00001764       0x20 c:/arduino-1.5.2/hardware/tools/g++_arm_none_eabi/bin/../lib/gcc/arm-none-eabi/4.4.1/../../../../arm-none-eabi/lib/thumb2\libm.a(lib_a-s_isnand.o)
 .debug_frame   0x00001784       0x44 c:/arduino-1.5.2/hardware/tools/g++_arm_none_eabi/bin/../lib/gcc/arm-none-eabi/4.4.1/../../../../arm-none-eabi/lib/thumb2\libc.a(lib_a-assert.o)
 .debug_frame   0x000017c8       0x30 c:/arduino-1.5.2/hardware/tools/g++_arm_none_eabi/bin/../lib/gcc/arm-none-eabi/4.4.1/../../../../arm-none-eabi/lib/thumb2\libc.a(lib_a-atol.o)
 .debug_frame   0x000017f8       0x5c c:/arduino-1.5.2/hardware/tools/g++_arm_none_eabi/bin/../lib/gcc/arm-none-eabi/4.4.1/../../../../arm-none-eabi/lib/thumb2\libc.a(lib_a-fiprintf.o)
 .debug_frame   0x00001854       0x2c c:/arduino-1.5.2/hardware/tools/g++_arm_none_eabi/bin/../lib/gcc/arm-none-eabi/4.4.1/../../../../arm-none-eabi/lib/thumb2\libc.a(lib_a-init.o)
 .debug_frame   0x00001880       0x5c c:/arduino-1.5.2/hardware/tools/g++_arm_none_eabi/bin/../lib/gcc/arm-none-eabi/4.4.1/../../../../arm-none-eabi/lib/thumb2\libc.a(lib_a-iprintf.o)
 .debug_frame   0x000018dc       0x20 c:/arduino-1.5.2/hardware/tools/g++_arm_none_eabi/bin/../lib/gcc/arm-none-eabi/4.4.1/../../../../arm-none-eabi/lib/thumb2\libc.a(lib_a-isspace.o)
 .debug_frame   0x000018fc       0x30 c:/arduino-1.5.2/hardware/tools/g++_arm_none_eabi/bin/../lib/gcc/arm-none-eabi/4.4.1/../../../../arm-none-eabi/lib/thumb2\libc.a(lib_a-malloc.o)
 .debug_frame   0x0000192c       0x3c c:/arduino-1.5.2/hardware/tools/g++_arm_none_eabi/bin/../lib/gcc/arm-none-eabi/4.4.1/../../../../arm-none-eabi/lib/thumb2\libc.a(lib_a-mallocr.o)
 .debug_frame   0x00001968       0x34 c:/arduino-1.5.2/hardware/tools/g++_arm_none_eabi/bin/../lib/gcc/arm-none-eabi/4.4.1/../../../../arm-none-eabi/lib/thumb2\libc.a(lib_a-memcpy.o)
 .debug_frame   0x0000199c       0x2c c:/arduino-1.5.2/hardware/tools/g++_arm_none_eabi/bin/../lib/gcc/arm-none-eabi/4.4.1/../../../../arm-none-eabi/lib/thumb2\libc.a(lib_a-memmove.o)
 .debug_frame   0x000019c8       0x28 c:/arduino-1.5.2/hardware/tools/g++_arm_none_eabi/bin/../lib/gcc/arm-none-eabi/4.4.1/../../../../arm-none-eabi/lib/thumb2\libc.a(lib_a-memset.o)
 .debug_frame   0x000019f0       0x30 c:/arduino-1.5.2/hardware/tools/g++_arm_none_eabi/bin/../lib/gcc/arm-none-eabi/4.4.1/../../../../arm-none-eabi/lib/thumb2\libc.a(lib_a-mlock.o)
 .debug_frame   0x00001a20       0x20 c:/arduino-1.5.2/hardware/tools/g++_arm_none_eabi/bin/../lib/gcc/arm-none-eabi/4.4.1/../../../../arm-none-eabi/lib/thumb2\libc.a(lib_a-realloc.o)
 .debug_frame   0x00001a40       0x3c c:/arduino-1.5.2/hardware/tools/g++_arm_none_eabi/bin/../lib/gcc/arm-none-eabi/4.4.1/../../../../arm-none-eabi/lib/thumb2\libc.a(lib_a-reallocr.o)
 .debug_frame   0x00001a7c       0x2c c:/arduino-1.5.2/hardware/tools/g++_arm_none_eabi/bin/../lib/gcc/arm-none-eabi/4.4.1/../../../../arm-none-eabi/lib/thumb2\libc.a(lib_a-sbrkr.o)
 .debug_frame   0x00001aa8       0x28 c:/arduino-1.5.2/hardware/tools/g++_arm_none_eabi/bin/../lib/gcc/arm-none-eabi/4.4.1/../../../../arm-none-eabi/lib/thumb2\libc.a(lib_a-strchr.o)
 .debug_frame   0x00001ad0       0x30 c:/arduino-1.5.2/hardware/tools/g++_arm_none_eabi/bin/../lib/gcc/arm-none-eabi/4.4.1/../../../../arm-none-eabi/lib/thumb2\libc.a(lib_a-strcmp.o)
 .debug_frame   0x00001b00       0x20 c:/arduino-1.5.2/hardware/tools/g++_arm_none_eabi/bin/../lib/gcc/arm-none-eabi/4.4.1/../../../../arm-none-eabi/lib/thumb2\libc.a(lib_a-strcpy.o)
 .debug_frame   0x00001b20       0x20 c:/arduino-1.5.2/hardware/tools/g++_arm_none_eabi/bin/../lib/gcc/arm-none-eabi/4.4.1/../../../../arm-none-eabi/lib/thumb2\libc.a(lib_a-strlen.o)
 .debug_frame   0x00001b40       0x28 c:/arduino-1.5.2/hardware/tools/g++_arm_none_eabi/bin/../lib/gcc/arm-none-eabi/4.4.1/../../../../arm-none-eabi/lib/thumb2\libc.a(lib_a-strncmp.o)
 .debug_frame   0x00001b68       0x28 c:/arduino-1.5.2/hardware/tools/g++_arm_none_eabi/bin/../lib/gcc/arm-none-eabi/4.4.1/../../../../arm-none-eabi/lib/thumb2\libc.a(lib_a-strncpy.o)
 .debug_frame   0x00001b90       0x2c c:/arduino-1.5.2/hardware/tools/g++_arm_none_eabi/bin/../lib/gcc/arm-none-eabi/4.4.1/../../../../arm-none-eabi/lib/thumb2\libc.a(lib_a-strrchr.o)
 .debug_frame   0x00001bbc       0x90 c:/arduino-1.5.2/hardware/tools/g++_arm_none_eabi/bin/../lib/gcc/arm-none-eabi/4.4.1/../../../../arm-none-eabi/lib/thumb2\libc.a(lib_a-strstr.o)
 .debug_frame   0x00001c4c       0x54 c:/arduino-1.5.2/hardware/tools/g++_arm_none_eabi/bin/../lib/gcc/arm-none-eabi/4.4.1/../../../../arm-none-eabi/lib/thumb2\libc.a(lib_a-strtol.o)
 .debug_frame   0x00001ca0       0x20 c:/arduino-1.5.2/hardware/tools/g++_arm_none_eabi/bin/../lib/gcc/arm-none-eabi/4.4.1/../../../../arm-none-eabi/lib/thumb2\libc.a(lib_a-tolower.o)
 .debug_frame   0x00001cc0       0x20 c:/arduino-1.5.2/hardware/tools/g++_arm_none_eabi/bin/../lib/gcc/arm-none-eabi/4.4.1/../../../../arm-none-eabi/lib/thumb2\libc.a(lib_a-toupper.o)
 .debug_frame   0x00001ce0       0x70 c:/arduino-1.5.2/hardware/tools/g++_arm_none_eabi/bin/../lib/gcc/arm-none-eabi/4.4.1/../../../../arm-none-eabi/lib/thumb2\libc.a(lib_a-vfiprintf.o)
 .debug_frame   0x00001d50       0x2c c:/arduino-1.5.2/hardware/tools/g++_arm_none_eabi/bin/../lib/gcc/arm-none-eabi/4.4.1/../../../../arm-none-eabi/lib/thumb2\libc.a(lib_a-wsetup.o)
 .debug_frame   0x00001d7c       0x28 c:/arduino-1.5.2/hardware/tools/g++_arm_none_eabi/bin/../lib/gcc/arm-none-eabi/4.4.1/../../../../arm-none-eabi/lib/thumb2\libc.a(lib_a-abort.o)
 .debug_frame   0x00001da4       0x40 c:/arduino-1.5.2/hardware/tools/g++_arm_none_eabi/bin/../lib/gcc/arm-none-eabi/4.4.1/../../../../arm-none-eabi/lib/thumb2\libc.a(lib_a-fflush.o)
 .debug_frame   0x00001de4      0x11c c:/arduino-1.5.2/hardware/tools/g++_arm_none_eabi/bin/../lib/gcc/arm-none-eabi/4.4.1/../../../../arm-none-eabi/lib/thumb2\libc.a(lib_a-findfp.o)
 .debug_frame   0x00001f00       0x50 c:/arduino-1.5.2/hardware/tools/g++_arm_none_eabi/bin/../lib/gcc/arm-none-eabi/4.4.1/../../../../arm-none-eabi/lib/thumb2\libc.a(lib_a-freer.o)
 .debug_frame   0x00001f50       0x3c c:/arduino-1.5.2/hardware/tools/g++_arm_none_eabi/bin/../lib/gcc/arm-none-eabi/4.4.1/../../../../arm-none-eabi/lib/thumb2\libc.a(lib_a-fvwrite.o)
 .debug_frame   0x00001f8c       0x54 c:/arduino-1.5.2/hardware/tools/g++_arm_none_eabi/bin/../lib/gcc/arm-none-eabi/4.4.1/../../../../arm-none-eabi/lib/thumb2\libc.a(lib_a-fwalk.o)
 .debug_frame   0x00001fe0       0x34 c:/arduino-1.5.2/hardware/tools/g++_arm_none_eabi/bin/../lib/gcc/arm-none-eabi/4.4.1/../../../../arm-none-eabi/lib/thumb2\libc.a(lib_a-makebuf.o)
 .debug_frame   0x00002014       0x28 c:/arduino-1.5.2/hardware/tools/g++_arm_none_eabi/bin/../lib/gcc/arm-none-eabi/4.4.1/../../../../arm-none-eabi/lib/thumb2\libc.a(lib_a-memchr.o)
 .debug_frame   0x0000203c       0x28 c:/arduino-1.5.2/hardware/tools/g++_arm_none_eabi/bin/../lib/gcc/arm-none-eabi/4.4.1/../../../../arm-none-eabi/lib/thumb2\libc.a(lib_a-memcmp.o)
 .debug_frame   0x00002064       0x64 c:/arduino-1.5.2/hardware/tools/g++_arm_none_eabi/bin/../lib/gcc/arm-none-eabi/4.4.1/../../../../arm-none-eabi/lib/thumb2\libc.a(lib_a-reent.o)